Archive member included to satisfy reference by file (symbol)

/Applications/Eclipse.app/Contents/Eclipse/plugins/fr.ac6.mcu.externaltools.arm-none.macos64_1.15.0.201708311556/tools/compiler/bin/../lib/gcc/arm-none-eabi/6.3.1/../../../../arm-none-eabi/lib/thumb/v7e-m/fpv4-sp/hard/libc.a(lib_a-errno.o)
                              startup/sysmem.o (__errno)
/Applications/Eclipse.app/Contents/Eclipse/plugins/fr.ac6.mcu.externaltools.arm-none.macos64_1.15.0.201708311556/tools/compiler/bin/../lib/gcc/arm-none-eabi/6.3.1/../../../../arm-none-eabi/lib/thumb/v7e-m/fpv4-sp/hard/libc.a(lib_a-exit.o)
                              /Applications/Eclipse.app/Contents/Eclipse/plugins/fr.ac6.mcu.externaltools.arm-none.macos64_1.15.0.201708311556/tools/compiler/bin/../lib/gcc/arm-none-eabi/6.3.1/../../../../arm-none-eabi/lib/thumb/v7e-m/fpv4-sp/hard/crt0.o (exit)
/Applications/Eclipse.app/Contents/Eclipse/plugins/fr.ac6.mcu.externaltools.arm-none.macos64_1.15.0.201708311556/tools/compiler/bin/../lib/gcc/arm-none-eabi/6.3.1/../../../../arm-none-eabi/lib/thumb/v7e-m/fpv4-sp/hard/libc.a(lib_a-impure.o)
                              /Applications/Eclipse.app/Contents/Eclipse/plugins/fr.ac6.mcu.externaltools.arm-none.macos64_1.15.0.201708311556/tools/compiler/bin/../lib/gcc/arm-none-eabi/6.3.1/../../../../arm-none-eabi/lib/thumb/v7e-m/fpv4-sp/hard/libc.a(lib_a-exit.o) (_global_impure_ptr)
/Applications/Eclipse.app/Contents/Eclipse/plugins/fr.ac6.mcu.externaltools.arm-none.macos64_1.15.0.201708311556/tools/compiler/bin/../lib/gcc/arm-none-eabi/6.3.1/../../../../arm-none-eabi/lib/thumb/v7e-m/fpv4-sp/hard/libc.a(lib_a-init.o)
                              /Applications/Eclipse.app/Contents/Eclipse/plugins/fr.ac6.mcu.externaltools.arm-none.macos64_1.15.0.201708311556/tools/compiler/bin/../lib/gcc/arm-none-eabi/6.3.1/../../../../arm-none-eabi/lib/thumb/v7e-m/fpv4-sp/hard/crt0.o (__libc_init_array)
/Applications/Eclipse.app/Contents/Eclipse/plugins/fr.ac6.mcu.externaltools.arm-none.macos64_1.15.0.201708311556/tools/compiler/bin/../lib/gcc/arm-none-eabi/6.3.1/../../../../arm-none-eabi/lib/thumb/v7e-m/fpv4-sp/hard/libc.a(lib_a-memset.o)
                              /Applications/Eclipse.app/Contents/Eclipse/plugins/fr.ac6.mcu.externaltools.arm-none.macos64_1.15.0.201708311556/tools/compiler/bin/../lib/gcc/arm-none-eabi/6.3.1/../../../../arm-none-eabi/lib/thumb/v7e-m/fpv4-sp/hard/crt0.o (memset)
/Applications/Eclipse.app/Contents/Eclipse/plugins/fr.ac6.mcu.externaltools.arm-none.macos64_1.15.0.201708311556/tools/compiler/bin/../lib/gcc/arm-none-eabi/6.3.1/../../../../arm-none-eabi/lib/thumb/v7e-m/fpv4-sp/hard/libc.a(lib_a-sprintf.o)
                              src/main.o (sprintf)
/Applications/Eclipse.app/Contents/Eclipse/plugins/fr.ac6.mcu.externaltools.arm-none.macos64_1.15.0.201708311556/tools/compiler/bin/../lib/gcc/arm-none-eabi/6.3.1/../../../../arm-none-eabi/lib/thumb/v7e-m/fpv4-sp/hard/libc.a(lib_a-svfprintf.o)
                              /Applications/Eclipse.app/Contents/Eclipse/plugins/fr.ac6.mcu.externaltools.arm-none.macos64_1.15.0.201708311556/tools/compiler/bin/../lib/gcc/arm-none-eabi/6.3.1/../../../../arm-none-eabi/lib/thumb/v7e-m/fpv4-sp/hard/libc.a(lib_a-sprintf.o) (_svfprintf_r)
/Applications/Eclipse.app/Contents/Eclipse/plugins/fr.ac6.mcu.externaltools.arm-none.macos64_1.15.0.201708311556/tools/compiler/bin/../lib/gcc/arm-none-eabi/6.3.1/../../../../arm-none-eabi/lib/thumb/v7e-m/fpv4-sp/hard/libc.a(lib_a-__call_atexit.o)
                              /Applications/Eclipse.app/Contents/Eclipse/plugins/fr.ac6.mcu.externaltools.arm-none.macos64_1.15.0.201708311556/tools/compiler/bin/../lib/gcc/arm-none-eabi/6.3.1/../../../../arm-none-eabi/lib/thumb/v7e-m/fpv4-sp/hard/libc.a(lib_a-exit.o) (__call_exitprocs)
/Applications/Eclipse.app/Contents/Eclipse/plugins/fr.ac6.mcu.externaltools.arm-none.macos64_1.15.0.201708311556/tools/compiler/bin/../lib/gcc/arm-none-eabi/6.3.1/../../../../arm-none-eabi/lib/thumb/v7e-m/fpv4-sp/hard/libc.a(lib_a-atexit.o)
                              /Applications/Eclipse.app/Contents/Eclipse/plugins/fr.ac6.mcu.externaltools.arm-none.macos64_1.15.0.201708311556/tools/compiler/bin/../lib/gcc/arm-none-eabi/6.3.1/../../../../arm-none-eabi/lib/thumb/v7e-m/fpv4-sp/hard/libc.a(lib_a-__call_atexit.o) (atexit)
/Applications/Eclipse.app/Contents/Eclipse/plugins/fr.ac6.mcu.externaltools.arm-none.macos64_1.15.0.201708311556/tools/compiler/bin/../lib/gcc/arm-none-eabi/6.3.1/../../../../arm-none-eabi/lib/thumb/v7e-m/fpv4-sp/hard/libc.a(lib_a-dtoa.o)
                              /Applications/Eclipse.app/Contents/Eclipse/plugins/fr.ac6.mcu.externaltools.arm-none.macos64_1.15.0.201708311556/tools/compiler/bin/../lib/gcc/arm-none-eabi/6.3.1/../../../../arm-none-eabi/lib/thumb/v7e-m/fpv4-sp/hard/libc.a(lib_a-svfprintf.o) (_dtoa_r)
[...]
Memory Configuration

Name             Origin             Length             Attributes
RAM              0x0000000020000000 0x0000000000018000 xrw
ROM              0x0000000008000000 0x0000000000100000 xr
*default*        0x0000000000000000 0xffffffffffffffff

Linker script and memory map

LOAD /Applications/Eclipse.app/Contents/Eclipse/plugins/fr.ac6.mcu.externaltools.arm-none.macos64_1.15.0.201708311556/tools/compiler/bin/../lib/gcc/arm-none-eabi/6.3.1/thumb/v7e-m/fpv4-sp/hard/crti.o
LOAD /Applications/Eclipse.app/Contents/Eclipse/plugins/fr.ac6.mcu.externaltools.arm-none.macos64_1.15.0.201708311556/tools/compiler/bin/../lib/gcc/arm-none-eabi/6.3.1/thumb/v7e-m/fpv4-sp/hard/crtbegin.o
LOAD /Applications/Eclipse.app/Contents/Eclipse/plugins/fr.ac6.mcu.externaltools.arm-none.macos64_1.15.0.201708311556/tools/compiler/bin/../lib/gcc/arm-none-eabi/6.3.1/../../../../arm-none-eabi/lib/thumb/v7e-m/fpv4-sp/hard/crt0.o
LOAD src/main.o
LOAD src/stm32l4xx_ll_gpio.o
LOAD startup/startup_stm32l476xx.o
LOAD startup/sysmem.o
LOAD startup/system_stm32l4xx.o
LOAD /Applications/Eclipse.app/Contents/Eclipse/plugins/fr.ac6.mcu.externaltools.arm-none.macos64_1.15.0.201708311556/tools/compiler/bin/../lib/gcc/arm-none-eabi/6.3.1/../../../../arm-none-eabi/lib/thumb/v7e-m/fpv4-sp/hard/libm.a
START GROUP
LOAD /Applications/Eclipse.app/Contents/Eclipse/plugins/fr.ac6.mcu.externaltools.arm-none.macos64_1.15.0.201708311556/tools/compiler/bin/../lib/gcc/arm-none-eabi/6.3.1/thumb/v7e-m/fpv4-sp/hard/libgcc.a
LOAD /Applications/Eclipse.app/Contents/Eclipse/plugins/fr.ac6.mcu.externaltools.arm-none.macos64_1.15.0.201708311556/tools/compiler/bin/../lib/gcc/arm-none-eabi/6.3.1/../../../../arm-none-eabi/lib/thumb/v7e-m/fpv4-sp/hard/libc.a
END GROUP
LOAD /Applications/Eclipse.app/Contents/Eclipse/plugins/fr.ac6.mcu.externaltools.arm-none.macos64_1.15.0.201708311556/tools/compiler/bin/../lib/gcc/arm-none-eabi/6.3.1/thumb/v7e-m/fpv4-sp/hard/crtend.o
LOAD /Applications/Eclipse.app/Contents/Eclipse/plugins/fr.ac6.mcu.externaltools.arm-none.macos64_1.15.0.201708311556/tools/compiler/bin/../lib/gcc/arm-none-eabi/6.3.1/thumb/v7e-m/fpv4-sp/hard/crtn.o
                0x0000000020018000                _estack = 0x20018000
                0x0000000000000000                _Min_Heap_Size = 0x0
                0x0000000000000400                _Min_Stack_Size = 0x400

.isr_vector     0x0000000008000000      0x188
                0x0000000008000000                . = ALIGN (0x8)
 *(.isr_vector)
 .isr_vector    0x0000000008000000      0x188 startup/startup_stm32l476xx.o
                0x0000000008000000                g_pfnVectors
                0x0000000008000188                . = ALIGN (0x8)

.text           0x00000000080001c0     0x5678
                0x00000000080001c0                . = ALIGN (0x8)
 *(.text)
 .text          0x00000000080001c0       0x6c /Applications/Eclipse.app/Contents/Eclipse/plugins/fr.ac6.mcu.externaltools.arm-none.macos64_1.15.0.201708311556/tools/compiler/bin/../lib/gcc/arm-none-eabi/6.3.1/thumb/v7e-m/fpv4-sp/hard/crtbegin.o
 *fill*         0x000000000800022c        0x4 
 .text          0x0000000008000230       0xa0 /Applications/Eclipse.app/Contents/Eclipse/plugins/fr.ac6.mcu.externaltools.arm-none.macos64_1.15.0.201708311556/tools/compiler/bin/../lib/gcc/arm-none-eabi/6.3.1/../../../../arm-none-eabi/lib/thumb/v7e-m/fpv4-sp/hard/libc.a(lib_a-memchr.o)
                0x0000000008000230                memchr
 .text          0x00000000080002d0      0x134 /Applications/Eclipse.app/Contents/Eclipse/plugins/fr.ac6.mcu.externaltools.arm-none.macos64_1.15.0.201708311556/tools/compiler/bin/../lib/gcc/arm-none-eabi/6.3.1/../../../../arm-none-eabi/lib/thumb/v7e-m/fpv4-sp/hard/libc.a(lib_a-memcpy.o)
                0x00000000080002d0                memcpy
 *fill*         0x0000000008000404       0x3c 
 .text          0x0000000008000440       0xdc /Applications/Eclipse.app/Contents/Eclipse/plugins/fr.ac6.mcu.externaltools.arm-none.macos64_1.15.0.201708311556/tools/compiler/bin/../lib/gcc/arm-none-eabi/6.3.1/../../../../arm-none-eabi/lib/thumb/v7e-m/fpv4-sp/hard/libc.a(lib_a-strlen.o)
                0x0000000008000440                strlen
 .text          0x000000000800051c      0x370 /Applications/Eclipse.app/Contents/Eclipse/plugins/fr.ac6.mcu.externaltools.arm-none.macos64_1.15.0.201708311556/tools/compiler/bin/../lib/gcc/arm-none-eabi/6.3.1/thumb/v7e-m/fpv4-sp/hard/libgcc.a(_arm_addsubdf3.o)
                0x000000000800051c                __aeabi_drsub
                0x0000000008000524                __subdf3
                0x0000000008000524                __aeabi_dsub
                0x0000000008000528                __aeabi_dadd
                0x0000000008000528                __adddf3
                0x00000000080007a0                __aeabi_ui2d
                0x00000000080007a0                __floatunsidf
                0x00000000080007c0                __floatsidf
                0x00000000080007c0                __aeabi_i2d
                0x00000000080007e4                __extendsfdf2
                0x00000000080007e4                __aeabi_f2d
                0x0000000008000820                __aeabi_ul2d
                0x0000000008000820                __floatundidf
                0x0000000008000830                __aeabi_l2d
                0x0000000008000830                __floatdidf
 .text          0x000000000800088c      0x424 /Applications/Eclipse.app/Contents/Eclipse/plugins/fr.ac6.mcu.externaltools.arm-none.macos64_1.15.0.201708311556/tools/compiler/bin/../lib/gcc/arm-none-eabi/6.3.1/thumb/v7e-m/fpv4-sp/hard/libgcc.a(_arm_muldivdf3.o)
                0x000000000800088c                __aeabi_dmul
                0x000000000800088c                __muldf3
                0x0000000008000ae0                __aeabi_ddiv
                0x0000000008000ae0                __divdf3
 .text          0x0000000008000cb0      0x110 /Applications/Eclipse.app/Contents/Eclipse/plugins/fr.ac6.mcu.externaltools.arm-none.macos64_1.15.0.201708311556/tools/compiler/bin/../lib/gcc/arm-none-eabi/6.3.1/thumb/v7e-m/fpv4-sp/hard/libgcc.a(_arm_cmpdf2.o)
                0x0000000008000cb0                __gedf2
                0x0000000008000cb0                __gtdf2
                0x0000000008000cb8                __ledf2
                0x0000000008000cb8                __ltdf2
                0x0000000008000cc0                __cmpdf2
                0x0000000008000cc0                __eqdf2
                0x0000000008000cc0                __nedf2
                0x0000000008000d3c                __aeabi_cdrcmple
                0x0000000008000d4c                __aeabi_cdcmple
                0x0000000008000d4c                __aeabi_cdcmpeq
                0x0000000008000d5c                __aeabi_dcmpeq
                0x0000000008000d70                __aeabi_dcmplt
                0x0000000008000d84                __aeabi_dcmple
                0x0000000008000d98                __aeabi_dcmpge
                0x0000000008000dac                __aeabi_dcmpgt
 .text          0x0000000008000dc0       0x2c /Applications/Eclipse.app/Contents/Eclipse/plugins/fr.ac6.mcu.externaltools.arm-none.macos64_1.15.0.201708311556/tools/compiler/bin/../lib/gcc/arm-none-eabi/6.3.1/thumb/v7e-m/fpv4-sp/hard/libgcc.a(_arm_unorddf2.o)
                0x0000000008000dc0                __aeabi_dcmpun
                0x0000000008000dc0                __unorddf2
 .text          0x0000000008000dec       0x50 /Applications/Eclipse.app/Contents/Eclipse/plugins/fr.ac6.mcu.externaltools.arm-none.macos64_1.15.0.201708311556/tools/compiler/bin/../lib/gcc/arm-none-eabi/6.3.1/thumb/v7e-m/fpv4-sp/hard/libgcc.a(_arm_fixdfsi.o)
                0x0000000008000dec                __fixdfsi
                0x0000000008000dec                __aeabi_d2iz
 .text          0x0000000008000e3c       0x30 /Applications/Eclipse.app/Contents/Eclipse/plugins/fr.ac6.mcu.externaltools.arm-none.macos64_1.15.0.201708311556/tools/compiler/bin/../lib/gcc/arm-none-eabi/6.3.1/thumb/v7e-m/fpv4-sp/hard/libgcc.a(_aeabi_uldivmod.o)
                0x0000000008000e3c                __aeabi_uldivmod
 .text          0x0000000008000e6c      0x2dc /Applications/Eclipse.app/Contents/Eclipse/plugins/fr.ac6.mcu.externaltools.arm-none.macos64_1.15.0.201708311556/tools/compiler/bin/../lib/gcc/arm-none-eabi/6.3.1/thumb/v7e-m/fpv4-sp/hard/libgcc.a(_udivmoddi4.o)
                0x0000000008000e6c                __udivmoddi4
 .text          0x0000000008001148        0x4 /Applications/Eclipse.app/Contents/Eclipse/plugins/fr.ac6.mcu.externaltools.arm-none.macos64_1.15.0.201708311556/tools/compiler/bin/../lib/gcc/arm-none-eabi/6.3.1/thumb/v7e-m/fpv4-sp/hard/libgcc.a(_dvmd_tls.o)
                0x0000000008001148                __aeabi_ldiv0
                0x0000000008001148                __aeabi_idiv0
 *(.text*)
 .text.NVIC_EnableIRQ
                0x000000000800114c       0x34 src/main.o
 .text.NVIC_ClearPendingIRQ
                0x0000000008001180       0x34 src/main.o
 .text.NVIC_SetPriority
                0x00000000080011b4       0x54 src/main.o
 .text.LL_ADC_SetCommonClock
                0x0000000008001208       0x26 src/main.o
 .text.LL_ADC_SetResolution
                0x000000000800122e       0x26 src/main.o
 .text.LL_ADC_SetDataAlignment
                0x0000000008001254       0x26 src/main.o
 .text.LL_ADC_REG_SetTriggerSource
                0x000000000800127a       0x26 src/main.o
 .text.LL_ADC_REG_SetSequencerLength
                0x00000000080012a0       0x26 src/main.o
 .text.LL_ADC_REG_SetSequencerDiscont
                0x00000000080012c6       0x26 src/main.o
 .text.LL_ADC_REG_SetSequencerRanks
                0x00000000080012ec       0x6a src/main.o
 .text.LL_ADC_REG_SetContinuousMode
                0x0000000008001356       0x26 src/main.o
 .text.LL_ADC_SetChannelSamplingTime
                0x000000000800137c       0x92 src/main.o
 .text.LL_ADC_SetOverSamplingScope
                0x000000000800140e       0x2a src/main.o
 .text.LL_ADC_SetMultimode
                0x0000000008001438       0x26 src/main.o
 .text.LL_ADC_DisableDeepPowerDown
                0x000000000800145e       0x24 src/main.o
 .text.LL_ADC_EnableInternalRegulator
                0x0000000008001482       0x28 src/main.o
 .text.LL_ADC_IsInternalRegulatorEnabled
                0x00000000080014aa       0x28 src/main.o
 .text.LL_ADC_Enable
                0x00000000080014d2       0x28 src/main.o
 .text.LL_ADC_REG_StartConversion
                0x00000000080014fa       0x28 src/main.o
 .text.LL_ADC_IsActiveFlag_EOC
                0x0000000008001522       0x26 src/main.o
 .text.LL_ADC_ClearFlag_EOC
                0x0000000008001548       0x1a src/main.o
 .text.LL_ADC_EnableIT_EOC
                0x0000000008001562       0x20 src/main.o
 .text.LL_GPIO_SetPinMode
                0x0000000008001582       0x5a src/main.o
 .text.LL_GPIO_SetPinSpeed
                0x00000000080015dc       0x5a src/main.o
 .text.LL_GPIO_SetPinPull
                0x0000000008001636       0x5a src/main.o
 .text.LL_GPIO_SetAFPin_0_7
                0x0000000008001690       0x5a src/main.o
 .text.LL_GPIO_EnablePinAnalogControl
                0x00000000080016ea       0x22 src/main.o
 .text.LL_GPIO_IsInputPinSet
                0x000000000800170c       0x2a src/main.o
 *fill*         0x0000000008001736        0x2 
 .text.LL_RCC_MSI_IsReady
                0x0000000008001738       0x24 src/main.o
 .text.LL_RCC_MSI_EnableRangeSelection
                0x000000000800175c       0x20 src/main.o
 .text.LL_RCC_MSI_SetRange
                0x000000000800177c       0x28 src/main.o
 .text.LL_RCC_SetSysClkSource
                0x00000000080017a4       0x28 src/main.o
 .text.LL_RCC_SetUARTClockSource
                0x00000000080017cc       0x34 src/main.o
 .text.LL_RCC_SetADCClockSource
                0x0000000008001800       0x2c src/main.o
 .text.LL_RCC_PLL_Enable
                0x000000000800182c       0x20 src/main.o
 .text.LL_RCC_PLL_IsReady
                0x000000000800184c       0x28 src/main.o
 .text.LL_RCC_PLL_ConfigDomain_SYS
                0x0000000008001874       0x54 src/main.o
 .text.LL_RCC_PLL_EnableDomain_SYS
                0x00000000080018c8       0x20 src/main.o
 .text.SystemClock_Config
                0x00000000080018e8       0x4c src/main.o
                0x00000000080018e8                SystemClock_Config
 .text.BTN_Config
                0x0000000008001934       0x40 src/main.o
                0x0000000008001934                BTN_Config
 .text.user_press_button
                0x0000000008001974       0x80 src/main.o
                0x0000000008001974                user_press_button
 .text.UART_config
                0x00000000080019f4       0xd4 src/main.o
                0x00000000080019f4                UART_config
 .text.UART_send
                0x0000000008001ac8       0x40 src/main.o
                0x0000000008001ac8                UART_send
 .text.configureADC
                0x0000000008001b08      0x100 src/main.o
                0x0000000008001b08                configureADC
 .text.ADC1_2_IRQHandler
                0x0000000008001c08       0x34 src/main.o
                0x0000000008001c08                ADC1_2_IRQHandler
 .text.startADC
                0x0000000008001c3c       0x14 src/main.o
                0x0000000008001c3c                startADC
 .text.main     0x0000000008001c50       0x74 src/main.o
                0x0000000008001c50                main
 .text.Reset_Handler
                0x0000000008001cc4       0x50 startup/startup_stm32l476xx.o
                0x0000000008001cc4                Reset_Handler
 .text.Default_Handler
                0x0000000008001d14        0x2 startup/startup_stm32l476xx.o
                0x0000000008001d14                TIM1_BRK_TIM15_IRQHandler
                0x0000000008001d14                EXTI2_IRQHandler
                0x0000000008001d14                TIM8_TRG_COM_IRQHandler
                0x0000000008001d14                TIM8_CC_IRQHandler
                0x0000000008001d14                DebugMon_Handler
                0x0000000008001d14                TIM1_CC_IRQHandler
                0x0000000008001d14                TSC_IRQHandler
                0x0000000008001d14                HardFault_Handler
                0x0000000008001d14                SysTick_Handler
                0x0000000008001d14                TAMP_STAMP_IRQHandler
                0x0000000008001d14                PendSV_Handler
                0x0000000008001d14                NMI_Handler
                0x0000000008001d14                EXTI3_IRQHandler
                0x0000000008001d14                LPTIM2_IRQHandler
                0x0000000008001d14                DFSDM1_FLT1_IRQHandler
                0x0000000008001d14                I2C3_ER_IRQHandler
                0x0000000008001d14                DFSDM1_FLT2_IRQHandler
                0x0000000008001d14                EXTI0_IRQHandler
                0x0000000008001d14                I2C2_EV_IRQHandler
                0x0000000008001d14                CAN1_RX0_IRQHandler
                0x0000000008001d14                FPU_IRQHandler
                0x0000000008001d14                TIM1_UP_TIM16_IRQHandler
                0x0000000008001d14                UsageFault_Handler
                0x0000000008001d14                SPI1_IRQHandler
                0x0000000008001d14                TIM6_DAC_IRQHandler
                0x0000000008001d14                TIM8_UP_IRQHandler
                0x0000000008001d14                DMA2_Channel2_IRQHandler
                0x0000000008001d14                DMA1_Channel4_IRQHandler
                0x0000000008001d14                SAI2_IRQHandler
                0x0000000008001d14                DFSDM1_FLT3_IRQHandler
                0x0000000008001d14                USART3_IRQHandler
                0x0000000008001d14                DMA1_Channel7_IRQHandler
                0x0000000008001d14                CAN1_RX1_IRQHandler
                0x0000000008001d14                LCD_IRQHandler
                0x0000000008001d14                UART5_IRQHandler
                0x0000000008001d14                ADC3_IRQHandler
                0x0000000008001d14                TIM4_IRQHandler
                0x0000000008001d14                DMA2_Channel1_IRQHandler
                0x0000000008001d14                QUADSPI_IRQHandler
                0x0000000008001d14                I2C1_EV_IRQHandler
                0x0000000008001d14                DMA1_Channel6_IRQHandler
                0x0000000008001d14                UART4_IRQHandler
                0x0000000008001d14                DMA2_Channel4_IRQHandler
                0x0000000008001d14                TIM3_IRQHandler
                0x0000000008001d14                RCC_IRQHandler
                0x0000000008001d14                DMA1_Channel1_IRQHandler
                0x0000000008001d14                Default_Handler
                0x0000000008001d14                DMA2_Channel7_IRQHandler
                0x0000000008001d14                EXTI15_10_IRQHandler
                0x0000000008001d14                TIM7_IRQHandler
                0x0000000008001d14                SDMMC1_IRQHandler
                0x0000000008001d14                TIM5_IRQHandler
                0x0000000008001d14                I2C3_EV_IRQHandler
                0x0000000008001d14                EXTI9_5_IRQHandler
                0x0000000008001d14                RTC_WKUP_IRQHandler
                0x0000000008001d14                PVD_PVM_IRQHandler
                0x0000000008001d14                SPI2_IRQHandler
                0x0000000008001d14                MemManage_Handler
                0x0000000008001d14                CAN1_TX_IRQHandler
                0x0000000008001d14                SVC_Handler
                0x0000000008001d14                DMA2_Channel5_IRQHandler
                0x0000000008001d14                DMA1_Channel5_IRQHandler
                0x0000000008001d14                EXTI4_IRQHandler
                0x0000000008001d14                RNG_IRQHandler
                0x0000000008001d14                TIM1_TRG_COM_TIM17_IRQHandler
                0x0000000008001d14                DMA1_Channel3_IRQHandler
                0x0000000008001d14                COMP_IRQHandler
                0x0000000008001d14                WWDG_IRQHandler
                0x0000000008001d14                LPUART1_IRQHandler
                0x0000000008001d14                DMA2_Channel6_IRQHandler
                0x0000000008001d14                TIM2_IRQHandler
                0x0000000008001d14                EXTI1_IRQHandler
                0x0000000008001d14                USART2_IRQHandler
                0x0000000008001d14                DFSDM1_FLT0_IRQHandler
                0x0000000008001d14                I2C2_ER_IRQHandler
                0x0000000008001d14                DMA1_Channel2_IRQHandler
                0x0000000008001d14                TIM8_BRK_IRQHandler
                0x0000000008001d14                CAN1_SCE_IRQHandler
                0x0000000008001d14                FLASH_IRQHandler
                0x0000000008001d14                BusFault_Handler
                0x0000000008001d14                USART1_IRQHandler
                0x0000000008001d14                OTG_FS_IRQHandler
                0x0000000008001d14                SPI3_IRQHandler
                0x0000000008001d14                I2C1_ER_IRQHandler
                0x0000000008001d14                FMC_IRQHandler
                0x0000000008001d14                SWPMI1_IRQHandler
                0x0000000008001d14                LPTIM1_IRQHandler
                0x0000000008001d14                SAI1_IRQHandler
                0x0000000008001d14                DMA2_Channel3_IRQHandler
                0x0000000008001d14                RTC_Alarm_IRQHandler
 *fill*         0x0000000008001d16        0x2 
 .text._sbrk    0x0000000008001d18       0x58 startup/sysmem.o
                0x0000000008001d18                _sbrk
 .text.SystemInit
                0x0000000008001d70       0x6c startup/system_stm32l4xx.o
                0x0000000008001d70                SystemInit
 .text.__errno  0x0000000008001ddc        0xc /Applications/Eclipse.app/Contents/Eclipse/plugins/fr.ac6.mcu.externaltools.arm-none.macos64_1.15.0.201708311556/tools/compiler/bin/../lib/gcc/arm-none-eabi/6.3.1/../../../../arm-none-eabi/lib/thumb/v7e-m/fpv4-sp/hard/libc.a(lib_a-errno.o)
                0x0000000008001ddc                __errno
 .text.__libc_init_array
                0x0000000008001de8       0x50 /Applications/Eclipse.app/Contents/Eclipse/plugins/fr.ac6.mcu.externaltools.arm-none.macos64_1.15.0.201708311556/tools/compiler/bin/../lib/gcc/arm-none-eabi/6.3.1/../../../../arm-none-eabi/lib/thumb/v7e-m/fpv4-sp/hard/libc.a(lib_a-init.o)
                0x0000000008001de8                __libc_init_array
 .text.memset   0x0000000008001e38       0x9c /Applications/Eclipse.app/Contents/Eclipse/plugins/fr.ac6.mcu.externaltools.arm-none.macos64_1.15.0.201708311556/tools/compiler/bin/../lib/gcc/arm-none-eabi/6.3.1/../../../../arm-none-eabi/lib/thumb/v7e-m/fpv4-sp/hard/libc.a(lib_a-memset.o)
                0x0000000008001e38                memset
 .text.sprintf  0x0000000008001ed4       0x4c /Applications/Eclipse.app/Contents/Eclipse/plugins/fr.ac6.mcu.externaltools.arm-none.macos64_1.15.0.201708311556/tools/compiler/bin/../lib/gcc/arm-none-eabi/6.3.1/../../../../arm-none-eabi/lib/thumb/v7e-m/fpv4-sp/hard/libc.a(lib_a-sprintf.o)
                0x0000000008001ed4                sprintf
 .text._svfprintf_r
                0x0000000008001f20     0x1494 /Applications/Eclipse.app/Contents/Eclipse/plugins/fr.ac6.mcu.externaltools.arm-none.macos64_1.15.0.201708311556/tools/compiler/bin/../lib/gcc/arm-none-eabi/6.3.1/../../../../arm-none-eabi/lib/thumb/v7e-m/fpv4-sp/hard/libc.a(lib_a-svfprintf.o)
                0x0000000008001f20                _svfprintf_r
 .text.startup.register_fini
                0x00000000080033b4       0x14 /Applications/Eclipse.app/Contents/Eclipse/plugins/fr.ac6.mcu.externaltools.arm-none.macos64_1.15.0.201708311556/tools/compiler/bin/../lib/gcc/arm-none-eabi/6.3.1/../../../../arm-none-eabi/lib/thumb/v7e-m/fpv4-sp/hard/libc.a(lib_a-__call_atexit.o)
 .text.atexit   0x00000000080033c8        0xc /Applications/Eclipse.app/Contents/Eclipse/plugins/fr.ac6.mcu.externaltools.arm-none.macos64_1.15.0.201708311556/tools/compiler/bin/../lib/gcc/arm-none-eabi/6.3.1/../../../../arm-none-eabi/lib/thumb/v7e-m/fpv4-sp/hard/libc.a(lib_a-atexit.o)
                0x00000000080033c8                atexit
 .text.quorem   0x00000000080033d4      0x128 /Applications/Eclipse.app/Contents/Eclipse/plugins/fr.ac6.mcu.externaltools.arm-none.macos64_1.15.0.201708311556/tools/compiler/bin/../lib/gcc/arm-none-eabi/6.3.1/../../../../arm-none-eabi/lib/thumb/v7e-m/fpv4-sp/hard/libc.a(lib_a-dtoa.o)
 *fill*         0x00000000080034fc        0x4 
 .text._dtoa_r  0x0000000008003500      0xe4c /Applications/Eclipse.app/Contents/Eclipse/plugins/fr.ac6.mcu.externaltools.arm-none.macos64_1.15.0.201708311556/tools/compiler/bin/../lib/gcc/arm-none-eabi/6.3.1/../../../../arm-none-eabi/lib/thumb/v7e-m/fpv4-sp/hard/libc.a(lib_a-dtoa.o)
                0x0000000008003500                _dtoa_r
 .text.__libc_fini_array
                0x000000000800434c       0x34 /Applications/Eclipse.app/Contents/Eclipse/plugins/fr.ac6.mcu.externaltools.arm-none.macos64_1.15.0.201708311556/tools/compiler/bin/../lib/gcc/arm-none-eabi/6.3.1/../../../../arm-none-eabi/lib/thumb/v7e-m/fpv4-sp/hard/libc.a(lib_a-fini.o)
                0x000000000800434c                __libc_fini_array
 .text._localeconv_r
                0x0000000008004380       0x1c /Applications/Eclipse.app/Contents/Eclipse/plugins/fr.ac6.mcu.externaltools.arm-none.macos64_1.15.0.201708311556/tools/compiler/bin/../lib/gcc/arm-none-eabi/6.3.1/../../../../arm-none-eabi/lib/thumb/v7e-m/fpv4-sp/hard/libc.a(lib_a-localeconv.o)
                0x0000000008004380                _localeconv_r
 .text.__retarget_lock_acquire_recursive
                0x000000000800439c        0x4 /Applications/Eclipse.app/Contents/Eclipse/plugins/fr.ac6.mcu.externaltools.arm-none.macos64_1.15.0.201708311556/tools/compiler/bin/../lib/gcc/arm-none-eabi/6.3.1/../../../../arm-none-eabi/lib/thumb/v7e-m/fpv4-sp/hard/libc.a(lib_a-lock.o)
                0x000000000800439c                __retarget_lock_acquire_recursive
 .text.__retarget_lock_release_recursive
                0x00000000080043a0        0x4 /Applications/Eclipse.app/Contents/Eclipse/plugins/fr.ac6.mcu.externaltools.arm-none.macos64_1.15.0.201708311556/tools/compiler/bin/../lib/gcc/arm-none-eabi/6.3.1/../../../../arm-none-eabi/lib/thumb/v7e-m/fpv4-sp/hard/libc.a(lib_a-lock.o)
                0x00000000080043a0                __retarget_lock_release_recursive
 .text._malloc_r
                0x00000000080043a4      0x560 /Applications/Eclipse.app/Contents/Eclipse/plugins/fr.ac6.mcu.externaltools.arm-none.macos64_1.15.0.201708311556/tools/compiler/bin/../lib/gcc/arm-none-eabi/6.3.1/../../../../arm-none-eabi/lib/thumb/v7e-m/fpv4-sp/hard/libc.a(lib_a-mallocr.o)
                0x00000000080043a4                _malloc_r
 .text.__malloc_lock
                0x0000000008004904        0xc /Applications/Eclipse.app/Contents/Eclipse/plugins/fr.ac6.mcu.externaltools.arm-none.macos64_1.15.0.201708311556/tools/compiler/bin/../lib/gcc/arm-none-eabi/6.3.1/../../../../arm-none-eabi/lib/thumb/v7e-m/fpv4-sp/hard/libc.a(lib_a-mlock.o)
                0x0000000008004904                __malloc_lock
 .text.__malloc_unlock
                0x0000000008004910        0xc /Applications/Eclipse.app/Contents/Eclipse/plugins/fr.ac6.mcu.externaltools.arm-none.macos64_1.15.0.201708311556/tools/compiler/bin/../lib/gcc/arm-none-eabi/6.3.1/../../../../arm-none-eabi/lib/thumb/v7e-m/fpv4-sp/hard/libc.a(lib_a-mlock.o)
                0x0000000008004910                __malloc_unlock
 .text._Balloc  0x000000000800491c       0x4c /Applications/Eclipse.app/Contents/Eclipse/plugins/fr.ac6.mcu.externaltools.arm-none.macos64_1.15.0.201708311556/tools/compiler/bin/../lib/gcc/arm-none-eabi/6.3.1/../../../../arm-none-eabi/lib/thumb/v7e-m/fpv4-sp/hard/libc.a(lib_a-mprec.o)
                0x000000000800491c                _Balloc
 .text._Bfree   0x0000000008004968       0x14 /Applications/Eclipse.app/Contents/Eclipse/plugins/fr.ac6.mcu.externaltools.arm-none.macos64_1.15.0.201708311556/tools/compiler/bin/../lib/gcc/arm-none-eabi/6.3.1/../../../../arm-none-eabi/lib/thumb/v7e-m/fpv4-sp/hard/libc.a(lib_a-mprec.o)
                0x0000000008004968                _Bfree
 .text.__multadd
                0x000000000800497c       0x80 /Applications/Eclipse.app/Contents/Eclipse/plugins/fr.ac6.mcu.externaltools.arm-none.macos64_1.15.0.201708311556/tools/compiler/bin/../lib/gcc/arm-none-eabi/6.3.1/../../../../arm-none-eabi/lib/thumb/v7e-m/fpv4-sp/hard/libc.a(lib_a-mprec.o)
                0x000000000800497c                __multadd
 .text.__hi0bits
                0x00000000080049fc       0x40 /Applications/Eclipse.app/Contents/Eclipse/plugins/fr.ac6.mcu.externaltools.arm-none.macos64_1.15.0.201708311556/tools/compiler/bin/../lib/gcc/arm-none-eabi/6.3.1/../../../../arm-none-eabi/lib/thumb/v7e-m/fpv4-sp/hard/libc.a(lib_a-mprec.o)
                0x00000000080049fc                __hi0bits
 .text.__lo0bits
                0x0000000008004a3c       0x60 /Applications/Eclipse.app/Contents/Eclipse/plugins/fr.ac6.mcu.externaltools.arm-none.macos64_1.15.0.201708311556/tools/compiler/bin/../lib/gcc/arm-none-eabi/6.3.1/../../../../arm-none-eabi/lib/thumb/v7e-m/fpv4-sp/hard/libc.a(lib_a-mprec.o)
                0x0000000008004a3c                __lo0bits
 .text.__i2b    0x0000000008004a9c       0x14 /Applications/Eclipse.app/Contents/Eclipse/plugins/fr.ac6.mcu.externaltools.arm-none.macos64_1.15.0.201708311556/tools/compiler/bin/../lib/gcc/arm-none-eabi/6.3.1/../../../../arm-none-eabi/lib/thumb/v7e-m/fpv4-sp/hard/libc.a(lib_a-mprec.o)
                0x0000000008004a9c                __i2b
 .text.__multiply
                0x0000000008004ab0      0x124 /Applications/Eclipse.app/Contents/Eclipse/plugins/fr.ac6.mcu.externaltools.arm-none.macos64_1.15.0.201708311556/tools/compiler/bin/../lib/gcc/arm-none-eabi/6.3.1/../../../../arm-none-eabi/lib/thumb/v7e-m/fpv4-sp/hard/libc.a(lib_a-mprec.o)
                0x0000000008004ab0                __multiply
 .text.__pow5mult
                0x0000000008004bd4       0xa0 /Applications/Eclipse.app/Contents/Eclipse/plugins/fr.ac6.mcu.externaltools.arm-none.macos64_1.15.0.201708311556/tools/compiler/bin/../lib/gcc/arm-none-eabi/6.3.1/../../../../arm-none-eabi/lib/thumb/v7e-m/fpv4-sp/hard/libc.a(lib_a-mprec.o)
                0x0000000008004bd4                __pow5mult
 .text.__lshift
                0x0000000008004c74       0xa4 /Applications/Eclipse.app/Contents/Eclipse/plugins/fr.ac6.mcu.externaltools.arm-none.macos64_1.15.0.201708311556/tools/compiler/bin/../lib/gcc/arm-none-eabi/6.3.1/../../../../arm-none-eabi/lib/thumb/v7e-m/fpv4-sp/hard/libc.a(lib_a-mprec.o)
                0x0000000008004c74                __lshift
 .text.__mcmp   0x0000000008004d18       0x38 /Applications/Eclipse.app/Contents/Eclipse/plugins/fr.ac6.mcu.externaltools.arm-none.macos64_1.15.0.201708311556/tools/compiler/bin/../lib/gcc/arm-none-eabi/6.3.1/../../../../arm-none-eabi/lib/thumb/v7e-m/fpv4-sp/hard/libc.a(lib_a-mprec.o)
                0x0000000008004d18                __mcmp
 .text.__mdiff  0x0000000008004d50      0x108 /Applications/Eclipse.app/Contents/Eclipse/plugins/fr.ac6.mcu.externaltools.arm-none.macos64_1.15.0.201708311556/tools/compiler/bin/../lib/gcc/arm-none-eabi/6.3.1/../../../../arm-none-eabi/lib/thumb/v7e-m/fpv4-sp/hard/libc.a(lib_a-mprec.o)
                0x0000000008004d50                __mdiff
 .text.__d2b    0x0000000008004e58       0xbc /Applications/Eclipse.app/Contents/Eclipse/plugins/fr.ac6.mcu.externaltools.arm-none.macos64_1.15.0.201708311556/tools/compiler/bin/../lib/gcc/arm-none-eabi/6.3.1/../../../../arm-none-eabi/lib/thumb/v7e-m/fpv4-sp/hard/libc.a(lib_a-mprec.o)
                0x0000000008004e58                __d2b
 .text._sbrk_r  0x0000000008004f14       0x24 /Applications/Eclipse.app/Contents/Eclipse/plugins/fr.ac6.mcu.externaltools.arm-none.macos64_1.15.0.201708311556/tools/compiler/bin/../lib/gcc/arm-none-eabi/6.3.1/../../../../arm-none-eabi/lib/thumb/v7e-m/fpv4-sp/hard/libc.a(lib_a-sbrkr.o)
                0x0000000008004f14                _sbrk_r
 .text.__ssprint_r
                0x0000000008004f38       0xfc /Applications/Eclipse.app/Contents/Eclipse/plugins/fr.ac6.mcu.externaltools.arm-none.macos64_1.15.0.201708311556/tools/compiler/bin/../lib/gcc/arm-none-eabi/6.3.1/../../../../arm-none-eabi/lib/thumb/v7e-m/fpv4-sp/hard/libc.a(lib_a-svfiprintf.o)
                0x0000000008004f38                __ssprint_r
 .text.__register_exitproc
                0x0000000008005034       0xc4 /Applications/Eclipse.app/Contents/Eclipse/plugins/fr.ac6.mcu.externaltools.arm-none.macos64_1.15.0.201708311556/tools/compiler/bin/../lib/gcc/arm-none-eabi/6.3.1/../../../../arm-none-eabi/lib/thumb/v7e-m/fpv4-sp/hard/libc.a(lib_a-__atexit.o)
                0x0000000008005034                __register_exitproc
 .text._calloc_r
                0x00000000080050f8       0x60 /Applications/Eclipse.app/Contents/Eclipse/plugins/fr.ac6.mcu.externaltools.arm-none.macos64_1.15.0.201708311556/tools/compiler/bin/../lib/gcc/arm-none-eabi/6.3.1/../../../../arm-none-eabi/lib/thumb/v7e-m/fpv4-sp/hard/libc.a(lib_a-callocr.o)
                0x00000000080050f8                _calloc_r
 .text._malloc_trim_r
                0x0000000008005158       0xa0 /Applications/Eclipse.app/Contents/Eclipse/plugins/fr.ac6.mcu.externaltools.arm-none.macos64_1.15.0.201708311556/tools/compiler/bin/../lib/gcc/arm-none-eabi/6.3.1/../../../../arm-none-eabi/lib/thumb/v7e-m/fpv4-sp/hard/libc.a(lib_a-freer.o)
                0x0000000008005158                _malloc_trim_r
 .text._free_r  0x00000000080051f8      0x1cc /Applications/Eclipse.app/Contents/Eclipse/plugins/fr.ac6.mcu.externaltools.arm-none.macos64_1.15.0.201708311556/tools/compiler/bin/../lib/gcc/arm-none-eabi/6.3.1/../../../../arm-none-eabi/lib/thumb/v7e-m/fpv4-sp/hard/libc.a(lib_a-freer.o)
                0x00000000080051f8                _free_r
 .text.__ascii_mbtowc
                0x00000000080053c4       0x2c /Applications/Eclipse.app/Contents/Eclipse/plugins/fr.ac6.mcu.externaltools.arm-none.macos64_1.15.0.201708311556/tools/compiler/bin/../lib/gcc/arm-none-eabi/6.3.1/../../../../arm-none-eabi/lib/thumb/v7e-m/fpv4-sp/hard/libc.a(lib_a-mbtowc_r.o)
                0x00000000080053c4                __ascii_mbtowc
 .text.memmove  0x00000000080053f0       0xc8 /Applications/Eclipse.app/Contents/Eclipse/plugins/fr.ac6.mcu.externaltools.arm-none.macos64_1.15.0.201708311556/tools/compiler/bin/../lib/gcc/arm-none-eabi/6.3.1/../../../../arm-none-eabi/lib/thumb/v7e-m/fpv4-sp/hard/libc.a(lib_a-memmove.o)
                0x00000000080053f0                memmove
 .text._realloc_r
                0x00000000080054b8      0x34c /Applications/Eclipse.app/Contents/Eclipse/plugins/fr.ac6.mcu.externaltools.arm-none.macos64_1.15.0.201708311556/tools/compiler/bin/../lib/gcc/arm-none-eabi/6.3.1/../../../../arm-none-eabi/lib/thumb/v7e-m/fpv4-sp/hard/libc.a(lib_a-reallocr.o)
                0x00000000080054b8                _realloc_r
 .text.__ascii_wctomb
                0x0000000008005804       0x1c /Applications/Eclipse.app/Contents/Eclipse/plugins/fr.ac6.mcu.externaltools.arm-none.macos64_1.15.0.201708311556/tools/compiler/bin/../lib/gcc/arm-none-eabi/6.3.1/../../../../arm-none-eabi/lib/thumb/v7e-m/fpv4-sp/hard/libc.a(lib_a-wctomb_r.o)
                0x0000000008005804                __ascii_wctomb
 *(.glue_7)
 .glue_7        0x0000000008005820        0x0 linker stubs
 *(.glue_7t)
 .glue_7t       0x0000000008005820        0x0 linker stubs
 *(.eh_frame)
 .eh_frame      0x0000000008005820        0x0 /Applications/Eclipse.app/Contents/Eclipse/plugins/fr.ac6.mcu.externaltools.arm-none.macos64_1.15.0.201708311556/tools/compiler/bin/../lib/gcc/arm-none-eabi/6.3.1/thumb/v7e-m/fpv4-sp/hard/crtbegin.o
 *(.init)
 .init          0x0000000008005820        0x4 /Applications/Eclipse.app/Contents/Eclipse/plugins/fr.ac6.mcu.externaltools.arm-none.macos64_1.15.0.201708311556/tools/compiler/bin/../lib/gcc/arm-none-eabi/6.3.1/thumb/v7e-m/fpv4-sp/hard/crti.o
                0x0000000008005820                _init
 .init          0x0000000008005824        0x8 /Applications/Eclipse.app/Contents/Eclipse/plugins/fr.ac6.mcu.externaltools.arm-none.macos64_1.15.0.201708311556/tools/compiler/bin/../lib/gcc/arm-none-eabi/6.3.1/thumb/v7e-m/fpv4-sp/hard/crtn.o
 *(.fini)
 .fini          0x000000000800582c        0x4 /Applications/Eclipse.app/Contents/Eclipse/plugins/fr.ac6.mcu.externaltools.arm-none.macos64_1.15.0.201708311556/tools/compiler/bin/../lib/gcc/arm-none-eabi/6.3.1/thumb/v7e-m/fpv4-sp/hard/crti.o
                0x000000000800582c                _fini
 .fini          0x0000000008005830        0x8 /Applications/Eclipse.app/Contents/Eclipse/plugins/fr.ac6.mcu.externaltools.arm-none.macos64_1.15.0.201708311556/tools/compiler/bin/../lib/gcc/arm-none-eabi/6.3.1/thumb/v7e-m/fpv4-sp/hard/crtn.o
                0x0000000008005838                . = ALIGN (0x8)
                0x0000000008005838                _etext = .

.vfp11_veneer   0x0000000008005838        0x0
 .vfp11_veneer  0x0000000008005838        0x0 linker stubs

.v4_bx          0x0000000008005838        0x0
 .v4_bx         0x0000000008005838        0x0 linker stubs

.iplt           0x0000000008005838        0x0
 .iplt          0x0000000008005838        0x0 /Applications/Eclipse.app/Contents/Eclipse/plugins/fr.ac6.mcu.externaltools.arm-none.macos64_1.15.0.201708311556/tools/compiler/bin/../lib/gcc/arm-none-eabi/6.3.1/thumb/v7e-m/fpv4-sp/hard/crtbegin.o

.rodata         0x0000000008005838      0x2d8
                0x0000000008005838                . = ALIGN (0x8)
 *(.rodata)
 .rodata        0x0000000008005838       0x4e src/main.o
 *(.rodata*)
 *fill*         0x0000000008005886        0x2 
 .rodata._global_impure_ptr
                0x0000000008005888        0x4 /Applications/Eclipse.app/Contents/Eclipse/plugins/fr.ac6.mcu.externaltools.arm-none.macos64_1.15.0.201708311556/tools/compiler/bin/../lib/gcc/arm-none-eabi/6.3.1/../../../../arm-none-eabi/lib/thumb/v7e-m/fpv4-sp/hard/libc.a(lib_a-impure.o)
                0x0000000008005888                _global_impure_ptr
 .rodata._svfprintf_r.str1.4
                0x000000000800588c       0x42 /Applications/Eclipse.app/Contents/Eclipse/plugins/fr.ac6.mcu.externaltools.arm-none.macos64_1.15.0.201708311556/tools/compiler/bin/../lib/gcc/arm-none-eabi/6.3.1/../../../../arm-none-eabi/lib/thumb/v7e-m/fpv4-sp/hard/libc.a(lib_a-svfprintf.o)
 *fill*         0x00000000080058ce        0x2 
 .rodata.blanks.8346
                0x00000000080058d0       0x10 /Applications/Eclipse.app/Contents/Eclipse/plugins/fr.ac6.mcu.externaltools.arm-none.macos64_1.15.0.201708311556/tools/compiler/bin/../lib/gcc/arm-none-eabi/6.3.1/../../../../arm-none-eabi/lib/thumb/v7e-m/fpv4-sp/hard/libc.a(lib_a-svfprintf.o)
 .rodata.zeroes.8347
                0x00000000080058e0       0x10 /Applications/Eclipse.app/Contents/Eclipse/plugins/fr.ac6.mcu.externaltools.arm-none.macos64_1.15.0.201708311556/tools/compiler/bin/../lib/gcc/arm-none-eabi/6.3.1/../../../../arm-none-eabi/lib/thumb/v7e-m/fpv4-sp/hard/libc.a(lib_a-svfprintf.o)
 .rodata._dtoa_r.str1.4
                0x00000000080058f0       0x10 /Applications/Eclipse.app/Contents/Eclipse/plugins/fr.ac6.mcu.externaltools.arm-none.macos64_1.15.0.201708311556/tools/compiler/bin/../lib/gcc/arm-none-eabi/6.3.1/../../../../arm-none-eabi/lib/thumb/v7e-m/fpv4-sp/hard/libc.a(lib_a-dtoa.o)
                                         0x12 (size before relaxing)
 .rodata.__mprec_bigtens
                0x0000000008005900       0x28 /Applications/Eclipse.app/Contents/Eclipse/plugins/fr.ac6.mcu.externaltools.arm-none.macos64_1.15.0.201708311556/tools/compiler/bin/../lib/gcc/arm-none-eabi/6.3.1/../../../../arm-none-eabi/lib/thumb/v7e-m/fpv4-sp/hard/libc.a(lib_a-mprec.o)
                0x0000000008005900                __mprec_bigtens
 .rodata.__mprec_tens
                0x0000000008005928       0xc8 /Applications/Eclipse.app/Contents/Eclipse/plugins/fr.ac6.mcu.externaltools.arm-none.macos64_1.15.0.201708311556/tools/compiler/bin/../lib/gcc/arm-none-eabi/6.3.1/../../../../arm-none-eabi/lib/thumb/v7e-m/fpv4-sp/hard/libc.a(lib_a-mprec.o)
                0x0000000008005928                __mprec_tens
 .rodata.p05.7178
                0x00000000080059f0        0xc /Applications/Eclipse.app/Contents/Eclipse/plugins/fr.ac6.mcu.externaltools.arm-none.macos64_1.15.0.201708311556/tools/compiler/bin/../lib/gcc/arm-none-eabi/6.3.1/../../../../arm-none-eabi/lib/thumb/v7e-m/fpv4-sp/hard/libc.a(lib_a-mprec.o)
 .rodata._setlocale_r.str1.4
                0x00000000080059fc        0xa /Applications/Eclipse.app/Contents/Eclipse/plugins/fr.ac6.mcu.externaltools.arm-none.macos64_1.15.0.201708311556/tools/compiler/bin/../lib/gcc/arm-none-eabi/6.3.1/../../../../arm-none-eabi/lib/thumb/v7e-m/fpv4-sp/hard/libc.a(lib_a-locale.o)
                                          0xd (size before relaxing)
 *fill*         0x0000000008005a06        0x2 
 .rodata.str1.4
                0x0000000008005a08        0x4 /Applications/Eclipse.app/Contents/Eclipse/plugins/fr.ac6.mcu.externaltools.arm-none.macos64_1.15.0.201708311556/tools/compiler/bin/../lib/gcc/arm-none-eabi/6.3.1/../../../../arm-none-eabi/lib/thumb/v7e-m/fpv4-sp/hard/libc.a(lib_a-locale.o)
                                          0x2 (size before relaxing)
 .rodata._ctype_
                0x0000000008005a0c      0x101 /Applications/Eclipse.app/Contents/Eclipse/plugins/fr.ac6.mcu.externaltools.arm-none.macos64_1.15.0.201708311556/tools/compiler/bin/../lib/gcc/arm-none-eabi/6.3.1/../../../../arm-none-eabi/lib/thumb/v7e-m/fpv4-sp/hard/libc.a(lib_a-ctype_.o)
                0x0000000008005a0c                _ctype_
                0x0000000008005b10                . = ALIGN (0x8)
 *fill*         0x0000000008005b0d        0x3 

.ARM.extab      0x0000000008005b10        0x0
                0x0000000008005b10                . = ALIGN (0x8)
 *(.ARM.extab* .gnu.linkonce.armextab.*)
                0x0000000008005b10                . = ALIGN (0x8)

.ARM            0x0000000008005b10        0x8
                0x0000000008005b10                . = ALIGN (0x8)
                0x0000000008005b10                __exidx_start = .
 *(.ARM.exidx*)
 .ARM.exidx     0x0000000008005b10        0x8 /Applications/Eclipse.app/Contents/Eclipse/plugins/fr.ac6.mcu.externaltools.arm-none.macos64_1.15.0.201708311556/tools/compiler/bin/../lib/gcc/arm-none-eabi/6.3.1/thumb/v7e-m/fpv4-sp/hard/libgcc.a(_udivmoddi4.o)
                0x0000000008005b18                __exidx_end = .
                0x0000000008005b18                . = ALIGN (0x8)

.rel.dyn        0x0000000008005b18        0x0
 .rel.iplt      0x0000000008005b18        0x0 /Applications/Eclipse.app/Contents/Eclipse/plugins/fr.ac6.mcu.externaltools.arm-none.macos64_1.15.0.201708311556/tools/compiler/bin/../lib/gcc/arm-none-eabi/6.3.1/thumb/v7e-m/fpv4-sp/hard/crtbegin.o

.preinit_array  0x0000000008005b18        0x0
                0x0000000008005b18                . = ALIGN (0x8)
                0x0000000008005b18                PROVIDE (__preinit_array_start, .)
 *(.preinit_array*)
                0x0000000008005b18                PROVIDE (__preinit_array_end, .)
                0x0000000008005b18                . = ALIGN (0x8)

.init_array     0x0000000008005b18        0x8
                0x0000000008005b18                . = ALIGN (0x8)
                0x0000000008005b18                PROVIDE (__init_array_start, .)
 *(SORT(.init_array.*))
 .init_array.00000
                0x0000000008005b18        0x4 /Applications/Eclipse.app/Contents/Eclipse/plugins/fr.ac6.mcu.externaltools.arm-none.macos64_1.15.0.201708311556/tools/compiler/bin/../lib/gcc/arm-none-eabi/6.3.1/../../../../arm-none-eabi/lib/thumb/v7e-m/fpv4-sp/hard/libc.a(lib_a-__call_atexit.o)
 *(.init_array*)
 .init_array    0x0000000008005b1c        0x4 /Applications/Eclipse.app/Contents/Eclipse/plugins/fr.ac6.mcu.externaltools.arm-none.macos64_1.15.0.201708311556/tools/compiler/bin/../lib/gcc/arm-none-eabi/6.3.1/thumb/v7e-m/fpv4-sp/hard/crtbegin.o
                0x0000000008005b20                PROVIDE (__init_array_end, .)
                0x0000000008005b20                . = ALIGN (0x8)

.fini_array     0x0000000008005b20        0x8
                0x0000000008005b20                . = ALIGN (0x8)
                0x0000000008005b20                PROVIDE (__fini_array_start, .)
 *(SORT(.fini_array.*))
 *(.fini_array*)
 .fini_array    0x0000000008005b20        0x4 /Applications/Eclipse.app/Contents/Eclipse/plugins/fr.ac6.mcu.externaltools.arm-none.macos64_1.15.0.201708311556/tools/compiler/bin/../lib/gcc/arm-none-eabi/6.3.1/thumb/v7e-m/fpv4-sp/hard/crtbegin.o
                0x0000000008005b24                PROVIDE (__fini_array_end, .)
                0x0000000008005b28                . = ALIGN (0x8)
 *fill*         0x0000000008005b24        0x4 
                0x0000000008005b28                _sidata = LOADADDR (.data)

.data           0x0000000020000000      0x9b8 load address 0x0000000008005b28
                0x0000000020000000                . = ALIGN (0x8)
                0x0000000020000000                _sdata = .
 *(.data)
 .data          0x0000000020000000        0x8 src/main.o
 *(.data*)
 .data._impure_ptr
                0x0000000020000008        0x4 /Applications/Eclipse.app/Contents/Eclipse/plugins/fr.ac6.mcu.externaltools.arm-none.macos64_1.15.0.201708311556/tools/compiler/bin/../lib/gcc/arm-none-eabi/6.3.1/../../../../arm-none-eabi/lib/thumb/v7e-m/fpv4-sp/hard/libc.a(lib_a-impure.o)
                0x0000000020000008                _impure_ptr
 *fill*         0x000000002000000c        0x4 
 .data.impure_data
                0x0000000020000010      0x428 /Applications/Eclipse.app/Contents/Eclipse/plugins/fr.ac6.mcu.externaltools.arm-none.macos64_1.15.0.201708311556/tools/compiler/bin/../lib/gcc/arm-none-eabi/6.3.1/../../../../arm-none-eabi/lib/thumb/v7e-m/fpv4-sp/hard/libc.a(lib_a-impure.o)
 .data.__atexit_recursive_mutex
                0x0000000020000438        0x4 /Applications/Eclipse.app/Contents/Eclipse/plugins/fr.ac6.mcu.externaltools.arm-none.macos64_1.15.0.201708311556/tools/compiler/bin/../lib/gcc/arm-none-eabi/6.3.1/../../../../arm-none-eabi/lib/thumb/v7e-m/fpv4-sp/hard/libc.a(lib_a-__call_atexit.o)
                0x0000000020000438                __atexit_recursive_mutex
 .data.__malloc_av_
                0x000000002000043c      0x408 /Applications/Eclipse.app/Contents/Eclipse/plugins/fr.ac6.mcu.externaltools.arm-none.macos64_1.15.0.201708311556/tools/compiler/bin/../lib/gcc/arm-none-eabi/6.3.1/../../../../arm-none-eabi/lib/thumb/v7e-m/fpv4-sp/hard/libc.a(lib_a-mallocr.o)
                0x000000002000043c                __malloc_av_
 .data.__malloc_sbrk_base
                0x0000000020000844        0x4 /Applications/Eclipse.app/Contents/Eclipse/plugins/fr.ac6.mcu.externaltools.arm-none.macos64_1.15.0.201708311556/tools/compiler/bin/../lib/gcc/arm-none-eabi/6.3.1/../../../../arm-none-eabi/lib/thumb/v7e-m/fpv4-sp/hard/libc.a(lib_a-mallocr.o)
                0x0000000020000844                __malloc_sbrk_base
 .data.__malloc_trim_threshold
                0x0000000020000848        0x4 /Applications/Eclipse.app/Contents/Eclipse/plugins/fr.ac6.mcu.externaltools.arm-none.macos64_1.15.0.201708311556/tools/compiler/bin/../lib/gcc/arm-none-eabi/6.3.1/../../../../arm-none-eabi/lib/thumb/v7e-m/fpv4-sp/hard/libc.a(lib_a-mallocr.o)
                0x0000000020000848                __malloc_trim_threshold
 .data.__global_locale
                0x000000002000084c      0x16c /Applications/Eclipse.app/Contents/Eclipse/plugins/fr.ac6.mcu.externaltools.arm-none.macos64_1.15.0.201708311556/tools/compiler/bin/../lib/gcc/arm-none-eabi/6.3.1/../../../../arm-none-eabi/lib/thumb/v7e-m/fpv4-sp/hard/libc.a(lib_a-locale.o)
                0x000000002000084c                __global_locale
                0x00000000200009b8                . = ALIGN (0x8)
                0x00000000200009b8                _edata = .

.jcr            0x00000000200009b8        0x0 load address 0x00000000080064e0
 .jcr           0x00000000200009b8        0x0 /Applications/Eclipse.app/Contents/Eclipse/plugins/fr.ac6.mcu.externaltools.arm-none.macos64_1.15.0.201708311556/tools/compiler/bin/../lib/gcc/arm-none-eabi/6.3.1/thumb/v7e-m/fpv4-sp/hard/crtbegin.o

.igot.plt       0x00000000200009b8        0x0 load address 0x00000000080064e0
 .igot.plt      0x00000000200009b8        0x0 /Applications/Eclipse.app/Contents/Eclipse/plugins/fr.ac6.mcu.externaltools.arm-none.macos64_1.15.0.201708311556/tools/compiler/bin/../lib/gcc/arm-none-eabi/6.3.1/thumb/v7e-m/fpv4-sp/hard/crtbegin.o
                0x00000000200009b8                . = ALIGN (0x4)

.bss            0x00000000200009b8       0x84 load address 0x00000000080064e0
                0x00000000200009b8                _sbss = .
                0x00000000200009b8                __bss_start__ = _sbss
 *(.bss)
 .bss           0x00000000200009b8       0x1c /Applications/Eclipse.app/Contents/Eclipse/plugins/fr.ac6.mcu.externaltools.arm-none.macos64_1.15.0.201708311556/tools/compiler/bin/../lib/gcc/arm-none-eabi/6.3.1/thumb/v7e-m/fpv4-sp/hard/crtbegin.o
 .bss           0x00000000200009d4        0x4 src/main.o
 .bss           0x00000000200009d8        0x4 startup/sysmem.o
 *(.bss*)
 .bss.__malloc_current_mallinfo
                0x00000000200009dc       0x28 /Applications/Eclipse.app/Contents/Eclipse/plugins/fr.ac6.mcu.externaltools.arm-none.macos64_1.15.0.201708311556/tools/compiler/bin/../lib/gcc/arm-none-eabi/6.3.1/../../../../arm-none-eabi/lib/thumb/v7e-m/fpv4-sp/hard/libc.a(lib_a-mallocr.o)
                0x00000000200009dc                __malloc_current_mallinfo
 .bss.__malloc_max_sbrked_mem
                0x0000000020000a04        0x4 /Applications/Eclipse.app/Contents/Eclipse/plugins/fr.ac6.mcu.externaltools.arm-none.macos64_1.15.0.201708311556/tools/compiler/bin/../lib/gcc/arm-none-eabi/6.3.1/../../../../arm-none-eabi/lib/thumb/v7e-m/fpv4-sp/hard/libc.a(lib_a-mallocr.o)
                0x0000000020000a04                __malloc_max_sbrked_mem
 .bss.__malloc_max_total_mem
                0x0000000020000a08        0x4 /Applications/Eclipse.app/Contents/Eclipse/plugins/fr.ac6.mcu.externaltools.arm-none.macos64_1.15.0.201708311556/tools/compiler/bin/../lib/gcc/arm-none-eabi/6.3.1/../../../../arm-none-eabi/lib/thumb/v7e-m/fpv4-sp/hard/libc.a(lib_a-mallocr.o)
                0x0000000020000a08                __malloc_max_total_mem
 .bss.__malloc_top_pad
                0x0000000020000a0c        0x4 /Applications/Eclipse.app/Contents/Eclipse/plugins/fr.ac6.mcu.externaltools.arm-none.macos64_1.15.0.201708311556/tools/compiler/bin/../lib/gcc/arm-none-eabi/6.3.1/../../../../arm-none-eabi/lib/thumb/v7e-m/fpv4-sp/hard/libc.a(lib_a-mallocr.o)
                0x0000000020000a0c                __malloc_top_pad
 *(COMMON)
 COMMON         0x0000000020000a10        0x4 src/main.o
                0x0000000020000a10                raw_data
 COMMON         0x0000000020000a14       0x21 /Applications/Eclipse.app/Contents/Eclipse/plugins/fr.ac6.mcu.externaltools.arm-none.macos64_1.15.0.201708311556/tools/compiler/bin/../lib/gcc/arm-none-eabi/6.3.1/../../../../arm-none-eabi/lib/thumb/v7e-m/fpv4-sp/hard/libc.a(lib_a-lock.o)
                0x0000000020000a14                __lock___atexit_recursive_mutex
                0x0000000020000a18                __lock___arc4random_mutex
                0x0000000020000a1c                __lock___env_recursive_mutex
                0x0000000020000a20                __lock___sinit_recursive_mutex
                0x0000000020000a24                __lock___malloc_recursive_mutex
                0x0000000020000a28                __lock___at_quick_exit_mutex
                0x0000000020000a2c                __lock___dd_hash_mutex
                0x0000000020000a30                __lock___tz_mutex
                0x0000000020000a34                __lock___sfp_recursive_mutex
 *fill*         0x0000000020000a35        0x3 
 COMMON         0x0000000020000a38        0x4 /Applications/Eclipse.app/Contents/Eclipse/plugins/fr.ac6.mcu.externaltools.arm-none.macos64_1.15.0.201708311556/tools/compiler/bin/../lib/gcc/arm-none-eabi/6.3.1/../../../../arm-none-eabi/lib/thumb/v7e-m/fpv4-sp/hard/libc.a(lib_a-reent.o)
                0x0000000020000a38                errno
                0x0000000020000a3c                . = ALIGN (0x4)
                0x0000000020000a3c                _ebss = .
                0x0000000020000a3c                __bss_end__ = _ebss

._user_heap_stack
                0x0000000020000a3c      0x404 load address 0x00000000080064e0
                0x0000000020000a40                . = ALIGN (0x8)
 *fill*         0x0000000020000a3c        0x4 
                0x0000000020000a40                PROVIDE (end, .)
                [!provide]                        PROVIDE (_end, .)
                0x0000000020000a40                . = (. + _Min_Heap_Size)
                0x0000000020000e40                . = (. + _Min_Stack_Size)
 *fill*         0x0000000020000a40      0x400 
                0x0000000020000e40                . = ALIGN (0x8)

/DISCARD/
 libc.a(*)
 libm.a(*)
 libgcc.a(*)

.ARM.attributes
                0x0000000000000000       0x30
 *(.ARM.attributes)
 .ARM.attributes
                0x0000000000000000       0x22 /Applications/Eclipse.app/Contents/Eclipse/plugins/fr.ac6.mcu.externaltools.arm-none.macos64_1.15.0.201708311556/tools/compiler/bin/../lib/gcc/arm-none-eabi/6.3.1/thumb/v7e-m/fpv4-sp/hard/crti.o
 .ARM.attributes
                0x0000000000000022       0x34 /Applications/Eclipse.app/Contents/Eclipse/plugins/fr.ac6.mcu.externaltools.arm-none.macos64_1.15.0.201708311556/tools/compiler/bin/../lib/gcc/arm-none-eabi/6.3.1/thumb/v7e-m/fpv4-sp/hard/crtbegin.o
 .ARM.attributes
                0x0000000000000056       0x39 src/main.o
 .ARM.attributes
                0x000000000000008f       0x21 startup/startup_stm32l476xx.o
 .ARM.attributes
                0x00000000000000b0       0x39 startup/sysmem.o
 .ARM.attributes
                0x00000000000000e9       0x39 startup/system_stm32l4xx.o
 .ARM.attributes
                0x0000000000000122       0x34 /Applications/Eclipse.app/Contents/Eclipse/plugins/fr.ac6.mcu.externaltools.arm-none.macos64_1.15.0.201708311556/tools/compiler/bin/../lib/gcc/arm-none-eabi/6.3.1/../../../../arm-none-eabi/lib/thumb/v7e-m/fpv4-sp/hard/libc.a(lib_a-errno.o)
 .ARM.attributes
                0x0000000000000156       0x34 /Applications/Eclipse.app/Contents/Eclipse/plugins/fr.ac6.mcu.externaltools.arm-none.macos64_1.15.0.201708311556/tools/compiler/bin/../lib/gcc/arm-none-eabi/6.3.1/../../../../arm-none-eabi/lib/thumb/v7e-m/fpv4-sp/hard/libc.a(lib_a-impure.o)
 .ARM.attributes
                0x000000000000018a       0x34 /Applications/Eclipse.app/Contents/Eclipse/plugins/fr.ac6.mcu.externaltools.arm-none.macos64_1.15.0.201708311556/tools/compiler/bin/../lib/gcc/arm-none-eabi/6.3.1/../../../../arm-none-eabi/lib/thumb/v7e-m/fpv4-sp/hard/libc.a(lib_a-init.o)
 .ARM.attributes
                0x00000000000001be       0x34 /Applications/Eclipse.app/Contents/Eclipse/plugins/fr.ac6.mcu.externaltools.arm-none.macos64_1.15.0.201708311556/tools/compiler/bin/../lib/gcc/arm-none-eabi/6.3.1/../../../../arm-none-eabi/lib/thumb/v7e-m/fpv4-sp/hard/libc.a(lib_a-memset.o)
 .ARM.attributes
                0x00000000000001f2       0x34 /Applications/Eclipse.app/Contents/Eclipse/plugins/fr.ac6.mcu.externaltools.arm-none.macos64_1.15.0.201708311556/tools/compiler/bin/../lib/gcc/arm-none-eabi/6.3.1/../../../../arm-none-eabi/lib/thumb/v7e-m/fpv4-sp/hard/libc.a(lib_a-sprintf.o)
 .ARM.attributes
                0x0000000000000226       0x34 /Applications/Eclipse.app/Contents/Eclipse/plugins/fr.ac6.mcu.externaltools.arm-none.macos64_1.15.0.201708311556/tools/compiler/bin/../lib/gcc/arm-none-eabi/6.3.1/../../../../arm-none-eabi/lib/thumb/v7e-m/fpv4-sp/hard/libc.a(lib_a-svfprintf.o)
 .ARM.attributes
                0x000000000000025a       0x34 /Applications/Eclipse.app/Contents/Eclipse/plugins/fr.ac6.mcu.externaltools.arm-none.macos64_1.15.0.201708311556/tools/compiler/bin/../lib/gcc/arm-none-eabi/6.3.1/../../../../arm-none-eabi/lib/thumb/v7e-m/fpv4-sp/hard/libc.a(lib_a-__call_atexit.o)
 .ARM.attributes
                0x000000000000028e       0x34 /Applications/Eclipse.app/Contents/Eclipse/plugins/fr.ac6.mcu.externaltools.arm-none.macos64_1.15.0.201708311556/tools/compiler/bin/../lib/gcc/arm-none-eabi/6.3.1/../../../../arm-none-eabi/lib/thumb/v7e-m/fpv4-sp/hard/libc.a(lib_a-atexit.o)
 .ARM.attributes
                0x00000000000002c2       0x34 /Applications/Eclipse.app/Contents/Eclipse/plugins/fr.ac6.mcu.externaltools.arm-none.macos64_1.15.0.201708311556/tools/compiler/bin/../lib/gcc/arm-none-eabi/6.3.1/../../../../arm-none-eabi/lib/thumb/v7e-m/fpv4-sp/hard/libc.a(lib_a-dtoa.o)
 .ARM.attributes
                0x00000000000002f6       0x34 /Applications/Eclipse.app/Contents/Eclipse/plugins/fr.ac6.mcu.externaltools.arm-none.macos64_1.15.0.201708311556/tools/compiler/bin/../lib/gcc/arm-none-eabi/6.3.1/../../../../arm-none-eabi/lib/thumb/v7e-m/fpv4-sp/hard/libc.a(lib_a-fini.o)
 .ARM.attributes
                0x000000000000032a       0x34 /Applications/Eclipse.app/Contents/Eclipse/plugins/fr.ac6.mcu.externaltools.arm-none.macos64_1.15.0.201708311556/tools/compiler/bin/../lib/gcc/arm-none-eabi/6.3.1/../../../../arm-none-eabi/lib/thumb/v7e-m/fpv4-sp/hard/libc.a(lib_a-localeconv.o)
 .ARM.attributes
                0x000000000000035e       0x34 /Applications/Eclipse.app/Contents/Eclipse/plugins/fr.ac6.mcu.externaltools.arm-none.macos64_1.15.0.201708311556/tools/compiler/bin/../lib/gcc/arm-none-eabi/6.3.1/../../../../arm-none-eabi/lib/thumb/v7e-m/fpv4-sp/hard/libc.a(lib_a-lock.o)
 .ARM.attributes
                0x0000000000000392       0x34 /Applications/Eclipse.app/Contents/Eclipse/plugins/fr.ac6.mcu.externaltools.arm-none.macos64_1.15.0.201708311556/tools/compiler/bin/../lib/gcc/arm-none-eabi/6.3.1/../../../../arm-none-eabi/lib/thumb/v7e-m/fpv4-sp/hard/libc.a(lib_a-mallocr.o)
 .ARM.attributes
                0x00000000000003c6       0x20 /Applications/Eclipse.app/Contents/Eclipse/plugins/fr.ac6.mcu.externaltools.arm-none.macos64_1.15.0.201708311556/tools/compiler/bin/../lib/gcc/arm-none-eabi/6.3.1/../../../../arm-none-eabi/lib/thumb/v7e-m/fpv4-sp/hard/libc.a(lib_a-memchr.o)
 .ARM.attributes
                0x00000000000003e6       0x20 /Applications/Eclipse.app/Contents/Eclipse/plugins/fr.ac6.mcu.externaltools.arm-none.macos64_1.15.0.201708311556/tools/compiler/bin/../lib/gcc/arm-none-eabi/6.3.1/../../../../arm-none-eabi/lib/thumb/v7e-m/fpv4-sp/hard/libc.a(lib_a-memcpy.o)
 .ARM.attributes
                0x0000000000000406       0x34 /Applications/Eclipse.app/Contents/Eclipse/plugins/fr.ac6.mcu.externaltools.arm-none.macos64_1.15.0.201708311556/tools/compiler/bin/../lib/gcc/arm-none-eabi/6.3.1/../../../../arm-none-eabi/lib/thumb/v7e-m/fpv4-sp/hard/libc.a(lib_a-mlock.o)
 .ARM.attributes
                0x000000000000043a       0x34 /Applications/Eclipse.app/Contents/Eclipse/plugins/fr.ac6.mcu.externaltools.arm-none.macos64_1.15.0.201708311556/tools/compiler/bin/../lib/gcc/arm-none-eabi/6.3.1/../../../../arm-none-eabi/lib/thumb/v7e-m/fpv4-sp/hard/libc.a(lib_a-mprec.o)
 .ARM.attributes
                0x000000000000046e       0x34 /Applications/Eclipse.app/Contents/Eclipse/plugins/fr.ac6.mcu.externaltools.arm-none.macos64_1.15.0.201708311556/tools/compiler/bin/../lib/gcc/arm-none-eabi/6.3.1/../../../../arm-none-eabi/lib/thumb/v7e-m/fpv4-sp/hard/libc.a(lib_a-sbrkr.o)
 .ARM.attributes
                0x00000000000004a2       0x20 /Applications/Eclipse.app/Contents/Eclipse/plugins/fr.ac6.mcu.externaltools.arm-none.macos64_1.15.0.201708311556/tools/compiler/bin/../lib/gcc/arm-none-eabi/6.3.1/../../../../arm-none-eabi/lib/thumb/v7e-m/fpv4-sp/hard/libc.a(lib_a-strlen.o)
 .ARM.attributes
                0x00000000000004c2       0x34 /Applications/Eclipse.app/Contents/Eclipse/plugins/fr.ac6.mcu.externaltools.arm-none.macos64_1.15.0.201708311556/tools/compiler/bin/../lib/gcc/arm-none-eabi/6.3.1/../../../../arm-none-eabi/lib/thumb/v7e-m/fpv4-sp/hard/libc.a(lib_a-svfiprintf.o)
 .ARM.attributes
                0x00000000000004f6       0x34 /Applications/Eclipse.app/Contents/Eclipse/plugins/fr.ac6.mcu.externaltools.arm-none.macos64_1.15.0.201708311556/tools/compiler/bin/../lib/gcc/arm-none-eabi/6.3.1/../../../../arm-none-eabi/lib/thumb/v7e-m/fpv4-sp/hard/libc.a(lib_a-__atexit.o)
 .ARM.attributes
                0x000000000000052a       0x34 /Applications/Eclipse.app/Contents/Eclipse/plugins/fr.ac6.mcu.externaltools.arm-none.macos64_1.15.0.201708311556/tools/compiler/bin/../lib/gcc/arm-none-eabi/6.3.1/../../../../arm-none-eabi/lib/thumb/v7e-m/fpv4-sp/hard/libc.a(lib_a-callocr.o)
 .ARM.attributes
                0x000000000000055e       0x34 /Applications/Eclipse.app/Contents/Eclipse/plugins/fr.ac6.mcu.externaltools.arm-none.macos64_1.15.0.201708311556/tools/compiler/bin/../lib/gcc/arm-none-eabi/6.3.1/../../../../arm-none-eabi/lib/thumb/v7e-m/fpv4-sp/hard/libc.a(lib_a-freer.o)
 .ARM.attributes
                0x0000000000000592       0x34 /Applications/Eclipse.app/Contents/Eclipse/plugins/fr.ac6.mcu.externaltools.arm-none.macos64_1.15.0.201708311556/tools/compiler/bin/../lib/gcc/arm-none-eabi/6.3.1/../../../../arm-none-eabi/lib/thumb/v7e-m/fpv4-sp/hard/libc.a(lib_a-locale.o)
 .ARM.attributes
                0x00000000000005c6       0x34 /Applications/Eclipse.app/Contents/Eclipse/plugins/fr.ac6.mcu.externaltools.arm-none.macos64_1.15.0.201708311556/tools/compiler/bin/../lib/gcc/arm-none-eabi/6.3.1/../../../../arm-none-eabi/lib/thumb/v7e-m/fpv4-sp/hard/libc.a(lib_a-mbtowc_r.o)
 .ARM.attributes
                0x00000000000005fa       0x34 /Applications/Eclipse.app/Contents/Eclipse/plugins/fr.ac6.mcu.externaltools.arm-none.macos64_1.15.0.201708311556/tools/compiler/bin/../lib/gcc/arm-none-eabi/6.3.1/../../../../arm-none-eabi/lib/thumb/v7e-m/fpv4-sp/hard/libc.a(lib_a-memmove.o)
 .ARM.attributes
                0x000000000000062e       0x34 /Applications/Eclipse.app/Contents/Eclipse/plugins/fr.ac6.mcu.externaltools.arm-none.macos64_1.15.0.201708311556/tools/compiler/bin/../lib/gcc/arm-none-eabi/6.3.1/../../../../arm-none-eabi/lib/thumb/v7e-m/fpv4-sp/hard/libc.a(lib_a-reallocr.o)
 .ARM.attributes
                0x0000000000000662       0x34 /Applications/Eclipse.app/Contents/Eclipse/plugins/fr.ac6.mcu.externaltools.arm-none.macos64_1.15.0.201708311556/tools/compiler/bin/../lib/gcc/arm-none-eabi/6.3.1/../../../../arm-none-eabi/lib/thumb/v7e-m/fpv4-sp/hard/libc.a(lib_a-reent.o)
 .ARM.attributes
                0x0000000000000696       0x34 /Applications/Eclipse.app/Contents/Eclipse/plugins/fr.ac6.mcu.externaltools.arm-none.macos64_1.15.0.201708311556/tools/compiler/bin/../lib/gcc/arm-none-eabi/6.3.1/../../../../arm-none-eabi/lib/thumb/v7e-m/fpv4-sp/hard/libc.a(lib_a-wctomb_r.o)
 .ARM.attributes
                0x00000000000006ca       0x34 /Applications/Eclipse.app/Contents/Eclipse/plugins/fr.ac6.mcu.externaltools.arm-none.macos64_1.15.0.201708311556/tools/compiler/bin/../lib/gcc/arm-none-eabi/6.3.1/../../../../arm-none-eabi/lib/thumb/v7e-m/fpv4-sp/hard/libc.a(lib_a-ctype_.o)
 .ARM.attributes
                0x00000000000006fe       0x22 /Applications/Eclipse.app/Contents/Eclipse/plugins/fr.ac6.mcu.externaltools.arm-none.macos64_1.15.0.201708311556/tools/compiler/bin/../lib/gcc/arm-none-eabi/6.3.1/thumb/v7e-m/fpv4-sp/hard/libgcc.a(_arm_addsubdf3.o)
 .ARM.attributes
                0x0000000000000720       0x22 /Applications/Eclipse.app/Contents/Eclipse/plugins/fr.ac6.mcu.externaltools.arm-none.macos64_1.15.0.201708311556/tools/compiler/bin/../lib/gcc/arm-none-eabi/6.3.1/thumb/v7e-m/fpv4-sp/hard/libgcc.a(_arm_muldivdf3.o)
 .ARM.attributes
                0x0000000000000742       0x22 /Applications/Eclipse.app/Contents/Eclipse/plugins/fr.ac6.mcu.externaltools.arm-none.macos64_1.15.0.201708311556/tools/compiler/bin/../lib/gcc/arm-none-eabi/6.3.1/thumb/v7e-m/fpv4-sp/hard/libgcc.a(_arm_cmpdf2.o)
 .ARM.attributes
                0x0000000000000764       0x22 /Applications/Eclipse.app/Contents/Eclipse/plugins/fr.ac6.mcu.externaltools.arm-none.macos64_1.15.0.201708311556/tools/compiler/bin/../lib/gcc/arm-none-eabi/6.3.1/thumb/v7e-m/fpv4-sp/hard/libgcc.a(_arm_unorddf2.o)
 .ARM.attributes
                0x0000000000000786       0x22 /Applications/Eclipse.app/Contents/Eclipse/plugins/fr.ac6.mcu.externaltools.arm-none.macos64_1.15.0.201708311556/tools/compiler/bin/../lib/gcc/arm-none-eabi/6.3.1/thumb/v7e-m/fpv4-sp/hard/libgcc.a(_arm_fixdfsi.o)
 .ARM.attributes
                0x00000000000007a8       0x22 /Applications/Eclipse.app/Contents/Eclipse/plugins/fr.ac6.mcu.externaltools.arm-none.macos64_1.15.0.201708311556/tools/compiler/bin/../lib/gcc/arm-none-eabi/6.3.1/thumb/v7e-m/fpv4-sp/hard/libgcc.a(_aeabi_uldivmod.o)
 .ARM.attributes
                0x00000000000007ca       0x34 /Applications/Eclipse.app/Contents/Eclipse/plugins/fr.ac6.mcu.externaltools.arm-none.macos64_1.15.0.201708311556/tools/compiler/bin/../lib/gcc/arm-none-eabi/6.3.1/thumb/v7e-m/fpv4-sp/hard/libgcc.a(_udivmoddi4.o)
 .ARM.attributes
                0x00000000000007fe       0x22 /Applications/Eclipse.app/Contents/Eclipse/plugins/fr.ac6.mcu.externaltools.arm-none.macos64_1.15.0.201708311556/tools/compiler/bin/../lib/gcc/arm-none-eabi/6.3.1/thumb/v7e-m/fpv4-sp/hard/libgcc.a(_dvmd_tls.o)
 .ARM.attributes
                0x0000000000000820       0x22 /Applications/Eclipse.app/Contents/Eclipse/plugins/fr.ac6.mcu.externaltools.arm-none.macos64_1.15.0.201708311556/tools/compiler/bin/../lib/gcc/arm-none-eabi/6.3.1/thumb/v7e-m/fpv4-sp/hard/crtn.o
OUTPUT(Lab1.elf elf32-littlearm)

.debug_info     0x0000000000000000     0x2e7b
 .debug_info    0x0000000000000000     0x1f38 src/main.o
 .debug_info    0x0000000000001f38       0x72 startup/startup_stm32l476xx.o
 .debug_info    0x0000000000001faa      0x933 startup/sysmem.o
 .debug_info    0x00000000000028dd      0x59e startup/system_stm32l4xx.o

.debug_abbrev   0x0000000000000000      0x698
 .debug_abbrev  0x0000000000000000      0x370 src/main.o
 .debug_abbrev  0x0000000000000370       0x12 startup/startup_stm32l476xx.o
 .debug_abbrev  0x0000000000000382      0x1f1 startup/sysmem.o
 .debug_abbrev  0x0000000000000573      0x125 startup/system_stm32l4xx.o

.debug_aranges  0x0000000000000000      0x200
 .debug_aranges
                0x0000000000000000      0x190 src/main.o
 .debug_aranges
                0x0000000000000190       0x28 startup/startup_stm32l476xx.o
 .debug_aranges
                0x00000000000001b8       0x20 startup/sysmem.o
 .debug_aranges
                0x00000000000001d8       0x28 startup/system_stm32l4xx.o

.debug_ranges   0x0000000000000000      0x1c8
 .debug_ranges  0x0000000000000000      0x180 src/main.o
 .debug_ranges  0x0000000000000180       0x20 startup/startup_stm32l476xx.o
 .debug_ranges  0x00000000000001a0       0x10 startup/sysmem.o
 .debug_ranges  0x00000000000001b0       0x18 startup/system_stm32l4xx.o

.debug_macro    0x0000000000000000    0x1f98f
 .debug_macro   0x0000000000000000      0x26d src/main.o
 .debug_macro   0x000000000000026d      0x8c2 src/main.o
 .debug_macro   0x0000000000000b2f       0x22 src/main.o
 .debug_macro   0x0000000000000b51       0x52 src/main.o
 .debug_macro   0x0000000000000ba3       0x8d src/main.o
 .debug_macro   0x0000000000000c30       0x35 src/main.o
 .debug_macro   0x0000000000000c65       0x9c src/main.o
 .debug_macro   0x0000000000000d01       0x16 src/main.o
 .debug_macro   0x0000000000000d17       0x57 src/main.o
 .debug_macro   0x0000000000000d6e       0x97 src/main.o
 .debug_macro   0x0000000000000e05      0x330 src/main.o
 .debug_macro   0x0000000000001135       0xfd src/main.o
 .debug_macro   0x0000000000001232       0x10 src/main.o
 .debug_macro   0x0000000000001242       0x58 src/main.o
 .debug_macro   0x000000000000129a       0x1f src/main.o
 .debug_macro   0x00000000000012b9       0x43 src/main.o
 .debug_macro   0x00000000000012fc       0x20 src/main.o
 .debug_macro   0x000000000000131c      0x187 src/main.o
 .debug_macro   0x00000000000014a3       0x10 src/main.o
 .debug_macro   0x00000000000014b3       0x6a src/main.o
 .debug_macro   0x000000000000151d       0x1c src/main.o
 .debug_macro   0x0000000000001539       0x52 src/main.o
 .debug_macro   0x000000000000158b       0x40 src/main.o
 .debug_macro   0x00000000000015cb       0x10 src/main.o
 .debug_macro   0x00000000000015db       0x40 src/main.o
 .debug_macro   0x000000000000161b       0xd7 src/main.o
 .debug_macro   0x00000000000016f2       0x16 src/main.o
 .debug_macro   0x0000000000001708      0x18b src/main.o
 .debug_macro   0x0000000000001893       0x28 src/main.o
 .debug_macro   0x00000000000018bb       0xef src/main.o
 .debug_macro   0x00000000000019aa      0x1df src/main.o
 .debug_macro   0x0000000000001b89       0x35 src/main.o
 .debug_macro   0x0000000000001bbe       0x50 src/main.o
 .debug_macro   0x0000000000001c0e      0xe66 src/main.o
 .debug_macro   0x0000000000002a74    0x1a16e src/main.o
 .debug_macro   0x000000000001cbe2       0x6d src/main.o
 .debug_macro   0x000000000001cc4f      0xf34 src/main.o
 .debug_macro   0x000000000001db83      0x1be src/main.o
 .debug_macro   0x000000000001dd41      0x176 src/main.o
 .debug_macro   0x000000000001deb7      0x77c src/main.o
 .debug_macro   0x000000000001e633      0x9d4 src/main.o
 .debug_macro   0x000000000001f007      0x31b src/main.o
 .debug_macro   0x000000000001f322      0x1a1 startup/sysmem.o
 .debug_macro   0x000000000001f4c3       0x10 startup/sysmem.o
 .debug_macro   0x000000000001f4d3      0x174 startup/sysmem.o
 .debug_macro   0x000000000001f647      0x23b startup/sysmem.o
 .debug_macro   0x000000000001f882       0x35 startup/sysmem.o
 .debug_macro   0x000000000001f8b7       0xd8 startup/system_stm32l4xx.o

.debug_line     0x0000000000000000     0x1296
 .debug_line    0x0000000000000000      0x9ff src/main.o
 .debug_line    0x00000000000009ff       0x7f startup/startup_stm32l476xx.o
 .debug_line    0x0000000000000a7e      0x433 startup/sysmem.o
 .debug_line    0x0000000000000eb1      0x3e5 startup/system_stm32l4xx.o

.debug_str      0x0000000000000000    0xb587b
 .debug_str     0x0000000000000000    0xb52f6 src/main.o
                                      0xb5695 (size before relaxing)
 .debug_str     0x00000000000b52f6      0x4bd startup/sysmem.o
                                       0x6fd7 (size before relaxing)
 .debug_str     0x00000000000b57b3       0xc8 startup/system_stm32l4xx.o
                                      0x9a60a (size before relaxing)

.comment        0x0000000000000000       0x7f
 .comment       0x0000000000000000       0x7f src/main.o
                                         0x80 (size before relaxing)
 .comment       0x000000000000007f       0x80 startup/sysmem.o
 .comment       0x000000000000007f       0x80 startup/system_stm32l4xx.o

.debug_frame    0x0000000000000000     0x1390
 .debug_frame   0x0000000000000000      0x6f8 src/main.o
 .debug_frame   0x00000000000006f8       0x34 startup/sysmem.o
 .debug_frame   0x000000000000072c       0x58 startup/system_stm32l4xx.o
 .debug_frame   0x0000000000000784       0x20 /Applications/Eclipse.app/Contents/Eclipse/plugins/fr.ac6.mcu.externaltools.arm-none.macos64_1.15.0.201708311556/tools/compiler/bin/../lib/gcc/arm-none-eabi/6.3.1/../../../../arm-none-eabi/lib/thumb/v7e-m/fpv4-sp/hard/libc.a(lib_a-errno.o)
 .debug_frame   0x00000000000007a4       0x2c /Applications/Eclipse.app/Contents/Eclipse/plugins/fr.ac6.mcu.externaltools.arm-none.macos64_1.15.0.201708311556/tools/compiler/bin/../lib/gcc/arm-none-eabi/6.3.1/../../../../arm-none-eabi/lib/thumb/v7e-m/fpv4-sp/hard/libc.a(lib_a-init.o)
 .debug_frame   0x00000000000007d0       0x34 /Applications/Eclipse.app/Contents/Eclipse/plugins/fr.ac6.mcu.externaltools.arm-none.macos64_1.15.0.201708311556/tools/compiler/bin/../lib/gcc/arm-none-eabi/6.3.1/../../../../arm-none-eabi/lib/thumb/v7e-m/fpv4-sp/hard/libc.a(lib_a-memset.o)
 .debug_frame   0x0000000000000804       0x84 /Applications/Eclipse.app/Contents/Eclipse/plugins/fr.ac6.mcu.externaltools.arm-none.macos64_1.15.0.201708311556/tools/compiler/bin/../lib/gcc/arm-none-eabi/6.3.1/../../../../arm-none-eabi/lib/thumb/v7e-m/fpv4-sp/hard/libc.a(lib_a-sprintf.o)
 .debug_frame   0x0000000000000888       0x40 /Applications/Eclipse.app/Contents/Eclipse/plugins/fr.ac6.mcu.externaltools.arm-none.macos64_1.15.0.201708311556/tools/compiler/bin/../lib/gcc/arm-none-eabi/6.3.1/../../../../arm-none-eabi/lib/thumb/v7e-m/fpv4-sp/hard/libc.a(lib_a-svfprintf.o)
 .debug_frame   0x00000000000008c8       0x5c /Applications/Eclipse.app/Contents/Eclipse/plugins/fr.ac6.mcu.externaltools.arm-none.macos64_1.15.0.201708311556/tools/compiler/bin/../lib/gcc/arm-none-eabi/6.3.1/../../../../arm-none-eabi/lib/thumb/v7e-m/fpv4-sp/hard/libc.a(lib_a-__call_atexit.o)
 .debug_frame   0x0000000000000924       0x20 /Applications/Eclipse.app/Contents/Eclipse/plugins/fr.ac6.mcu.externaltools.arm-none.macos64_1.15.0.201708311556/tools/compiler/bin/../lib/gcc/arm-none-eabi/6.3.1/../../../../arm-none-eabi/lib/thumb/v7e-m/fpv4-sp/hard/libc.a(lib_a-atexit.o)
 .debug_frame   0x0000000000000944       0x88 /Applications/Eclipse.app/Contents/Eclipse/plugins/fr.ac6.mcu.externaltools.arm-none.macos64_1.15.0.201708311556/tools/compiler/bin/../lib/gcc/arm-none-eabi/6.3.1/../../../../arm-none-eabi/lib/thumb/v7e-m/fpv4-sp/hard/libc.a(lib_a-dtoa.o)
 .debug_frame   0x00000000000009cc       0x34 /Applications/Eclipse.app/Contents/Eclipse/plugins/fr.ac6.mcu.externaltools.arm-none.macos64_1.15.0.201708311556/tools/compiler/bin/../lib/gcc/arm-none-eabi/6.3.1/../../../../arm-none-eabi/lib/thumb/v7e-m/fpv4-sp/hard/libc.a(lib_a-fini.o)
 .debug_frame   0x0000000000000a00       0x40 /Applications/Eclipse.app/Contents/Eclipse/plugins/fr.ac6.mcu.externaltools.arm-none.macos64_1.15.0.201708311556/tools/compiler/bin/../lib/gcc/arm-none-eabi/6.3.1/../../../../arm-none-eabi/lib/thumb/v7e-m/fpv4-sp/hard/libc.a(lib_a-localeconv.o)
 .debug_frame   0x0000000000000a40       0xb0 /Applications/Eclipse.app/Contents/Eclipse/plugins/fr.ac6.mcu.externaltools.arm-none.macos64_1.15.0.201708311556/tools/compiler/bin/../lib/gcc/arm-none-eabi/6.3.1/../../../../arm-none-eabi/lib/thumb/v7e-m/fpv4-sp/hard/libc.a(lib_a-lock.o)
 .debug_frame   0x0000000000000af0       0x58 /Applications/Eclipse.app/Contents/Eclipse/plugins/fr.ac6.mcu.externaltools.arm-none.macos64_1.15.0.201708311556/tools/compiler/bin/../lib/gcc/arm-none-eabi/6.3.1/../../../../arm-none-eabi/lib/thumb/v7e-m/fpv4-sp/hard/libc.a(lib_a-mallocr.o)
 .debug_frame   0x0000000000000b48       0x30 /Applications/Eclipse.app/Contents/Eclipse/plugins/fr.ac6.mcu.externaltools.arm-none.macos64_1.15.0.201708311556/tools/compiler/bin/../lib/gcc/arm-none-eabi/6.3.1/../../../../arm-none-eabi/lib/thumb/v7e-m/fpv4-sp/hard/libc.a(lib_a-mlock.o)
 .debug_frame   0x0000000000000b78      0x25c /Applications/Eclipse.app/Contents/Eclipse/plugins/fr.ac6.mcu.externaltools.arm-none.macos64_1.15.0.201708311556/tools/compiler/bin/../lib/gcc/arm-none-eabi/6.3.1/../../../../arm-none-eabi/lib/thumb/v7e-m/fpv4-sp/hard/libc.a(lib_a-mprec.o)
 .debug_frame   0x0000000000000dd4       0x2c /Applications/Eclipse.app/Contents/Eclipse/plugins/fr.ac6.mcu.externaltools.arm-none.macos64_1.15.0.201708311556/tools/compiler/bin/../lib/gcc/arm-none-eabi/6.3.1/../../../../arm-none-eabi/lib/thumb/v7e-m/fpv4-sp/hard/libc.a(lib_a-sbrkr.o)
 .debug_frame   0x0000000000000e00       0x78 /Applications/Eclipse.app/Contents/Eclipse/plugins/fr.ac6.mcu.externaltools.arm-none.macos64_1.15.0.201708311556/tools/compiler/bin/../lib/gcc/arm-none-eabi/6.3.1/../../../../arm-none-eabi/lib/thumb/v7e-m/fpv4-sp/hard/libc.a(lib_a-svfiprintf.o)
 .debug_frame   0x0000000000000e78       0x34 /Applications/Eclipse.app/Contents/Eclipse/plugins/fr.ac6.mcu.externaltools.arm-none.macos64_1.15.0.201708311556/tools/compiler/bin/../lib/gcc/arm-none-eabi/6.3.1/../../../../arm-none-eabi/lib/thumb/v7e-m/fpv4-sp/hard/libc.a(lib_a-__atexit.o)
 .debug_frame   0x0000000000000eac       0x28 /Applications/Eclipse.app/Contents/Eclipse/plugins/fr.ac6.mcu.externaltools.arm-none.macos64_1.15.0.201708311556/tools/compiler/bin/../lib/gcc/arm-none-eabi/6.3.1/../../../../arm-none-eabi/lib/thumb/v7e-m/fpv4-sp/hard/libc.a(lib_a-callocr.o)
 .debug_frame   0x0000000000000ed4       0x74 /Applications/Eclipse.app/Contents/Eclipse/plugins/fr.ac6.mcu.externaltools.arm-none.macos64_1.15.0.201708311556/tools/compiler/bin/../lib/gcc/arm-none-eabi/6.3.1/../../../../arm-none-eabi/lib/thumb/v7e-m/fpv4-sp/hard/libc.a(lib_a-freer.o)
 .debug_frame   0x0000000000000f48       0x6c /Applications/Eclipse.app/Contents/Eclipse/plugins/fr.ac6.mcu.externaltools.arm-none.macos64_1.15.0.201708311556/tools/compiler/bin/../lib/gcc/arm-none-eabi/6.3.1/../../../../arm-none-eabi/lib/thumb/v7e-m/fpv4-sp/hard/libc.a(lib_a-locale.o)
 .debug_frame   0x0000000000000fb4       0x4c /Applications/Eclipse.app/Contents/Eclipse/plugins/fr.ac6.mcu.externaltools.arm-none.macos64_1.15.0.201708311556/tools/compiler/bin/../lib/gcc/arm-none-eabi/6.3.1/../../../../arm-none-eabi/lib/thumb/v7e-m/fpv4-sp/hard/libc.a(lib_a-mbtowc_r.o)
 .debug_frame   0x0000000000001000       0x30 /Applications/Eclipse.app/Contents/Eclipse/plugins/fr.ac6.mcu.externaltools.arm-none.macos64_1.15.0.201708311556/tools/compiler/bin/../lib/gcc/arm-none-eabi/6.3.1/../../../../arm-none-eabi/lib/thumb/v7e-m/fpv4-sp/hard/libc.a(lib_a-memmove.o)
 .debug_frame   0x0000000000001030       0x68 /Applications/Eclipse.app/Contents/Eclipse/plugins/fr.ac6.mcu.externaltools.arm-none.macos64_1.15.0.201708311556/tools/compiler/bin/../lib/gcc/arm-none-eabi/6.3.1/../../../../arm-none-eabi/lib/thumb/v7e-m/fpv4-sp/hard/libc.a(lib_a-reallocr.o)
 .debug_frame   0x0000000000001098       0x58 /Applications/Eclipse.app/Contents/Eclipse/plugins/fr.ac6.mcu.externaltools.arm-none.macos64_1.15.0.201708311556/tools/compiler/bin/../lib/gcc/arm-none-eabi/6.3.1/../../../../arm-none-eabi/lib/thumb/v7e-m/fpv4-sp/hard/libc.a(lib_a-reent.o)
 .debug_frame   0x00000000000010f0       0x3c /Applications/Eclipse.app/Contents/Eclipse/plugins/fr.ac6.mcu.externaltools.arm-none.macos64_1.15.0.201708311556/tools/compiler/bin/../lib/gcc/arm-none-eabi/6.3.1/../../../../arm-none-eabi/lib/thumb/v7e-m/fpv4-sp/hard/libc.a(lib_a-wctomb_r.o)
 .debug_frame   0x000000000000112c       0xac /Applications/Eclipse.app/Contents/Eclipse/plugins/fr.ac6.mcu.externaltools.arm-none.macos64_1.15.0.201708311556/tools/compiler/bin/../lib/gcc/arm-none-eabi/6.3.1/thumb/v7e-m/fpv4-sp/hard/libgcc.a(_arm_addsubdf3.o)
 .debug_frame   0x00000000000011d8       0x50 /Applications/Eclipse.app/Contents/Eclipse/plugins/fr.ac6.mcu.externaltools.arm-none.macos64_1.15.0.201708311556/tools/compiler/bin/../lib/gcc/arm-none-eabi/6.3.1/thumb/v7e-m/fpv4-sp/hard/libgcc.a(_arm_muldivdf3.o)
 .debug_frame   0x0000000000001228       0xc4 /Applications/Eclipse.app/Contents/Eclipse/plugins/fr.ac6.mcu.externaltools.arm-none.macos64_1.15.0.201708311556/tools/compiler/bin/../lib/gcc/arm-none-eabi/6.3.1/thumb/v7e-m/fpv4-sp/hard/libgcc.a(_arm_cmpdf2.o)
 .debug_frame   0x00000000000012ec       0x20 /Applications/Eclipse.app/Contents/Eclipse/plugins/fr.ac6.mcu.externaltools.arm-none.macos64_1.15.0.201708311556/tools/compiler/bin/../lib/gcc/arm-none-eabi/6.3.1/thumb/v7e-m/fpv4-sp/hard/libgcc.a(_arm_unorddf2.o)
 .debug_frame   0x000000000000130c       0x24 /Applications/Eclipse.app/Contents/Eclipse/plugins/fr.ac6.mcu.externaltools.arm-none.macos64_1.15.0.201708311556/tools/compiler/bin/../lib/gcc/arm-none-eabi/6.3.1/thumb/v7e-m/fpv4-sp/hard/libgcc.a(_arm_fixdfsi.o)
 .debug_frame   0x0000000000001330       0x2c /Applications/Eclipse.app/Contents/Eclipse/plugins/fr.ac6.mcu.externaltools.arm-none.macos64_1.15.0.201708311556/tools/compiler/bin/../lib/gcc/arm-none-eabi/6.3.1/thumb/v7e-m/fpv4-sp/hard/libgcc.a(_aeabi_uldivmod.o)
 .debug_frame   0x000000000000135c       0x34 /Applications/Eclipse.app/Contents/Eclipse/plugins/fr.ac6.mcu.externaltools.arm-none.macos64_1.15.0.201708311556/tools/compiler/bin/../lib/gcc/arm-none-eabi/6.3.1/thumb/v7e-m/fpv4-sp/hard/libgcc.a(_udivmoddi4.o)
